D:\ES\ES-Curso-2Sem-2022-Grupo-25\jfreechart\src\test\java\org\jfree\chart\axis\PeriodAxisLabelInfoTest.java
D:\ES\ES-Curso-2Sem-2022-Grupo-25\jfreechart\src\test\java\org\jfree\chart\XYStepAreaChartTest.java
D:\ES\ES-Curso-2Sem-2022-Grupo-25\jfreechart\src\test\java\org\jfree\chart\block\EmptyBlockTest.java
D:\ES\ES-Curso-2Sem-2022-Grupo-25\jfreechart\src\test\java\org\jfree\chart\labels\ItemLabelAnchorTest.java
D:\ES\ES-Curso-2Sem-2022-Grupo-25\jfreechart\src\test\java\org\jfree\chart\internal\LineUtilsTest.java
D:\ES\ES-Curso-2Sem-2022-Grupo-25\jfreechart\src\test\java\org\jfree\chart\labels\StandardCategoryToolTipGeneratorTest.java
D:\ES\ES-Curso-2Sem-2022-Grupo-25\jfreechart\src\test\java\org\jfree\chart\axis\ExtendedCategoryAxisTest.java
D:\ES\ES-Curso-2Sem-2022-Grupo-25\jfreechart\src\test\java\org\jfree\chart\LineChartTest.java
D:\ES\ES-Curso-2Sem-2022-Grupo-25\jfreechart\src\test\java\org\jfree\chart\block\BlockBorderTest.java
D:\ES\ES-Curso-2Sem-2022-Grupo-25\jfreechart\src\test\java\org\jfree\chart\labels\SymbolicXYItemLabelGeneratorTest.java
D:\ES\ES-Curso-2Sem-2022-Grupo-25\jfreechart\src\test\java\org\jfree\chart\annotations\XYDrawableAnnotationTest.java
D:\ES\ES-Curso-2Sem-2022-Grupo-25\jfreechart\src\test\java\org\jfree\chart\block\RectangleConstraintTest.java
D:\ES\ES-Curso-2Sem-2022-Grupo-25\jfreechart\src\test\java\org\jfree\chart\MeterChartTest.java
D:\ES\ES-Curso-2Sem-2022-Grupo-25\jfreechart\src\test\java\org\jfree\chart\axis\CategoryLabelWidthTypeTest.java
D:\ES\ES-Curso-2Sem-2022-Grupo-25\jfreechart\src\test\java\org\jfree\chart\legend\LegendTitleTest.java
D:\ES\ES-Curso-2Sem-2022-Grupo-25\jfreechart\src\test\java\org\jfree\chart\axis\CategoryAxisTest.java
D:\ES\ES-Curso-2Sem-2022-Grupo-25\jfreechart\src\test\java\org\jfree\chart\block\ColumnArrangementTest.java
D:\ES\ES-Curso-2Sem-2022-Grupo-25\jfreechart\src\test\java\org\jfree\chart\labels\StandardPieToolTipGeneratorTest.java
D:\ES\ES-Curso-2Sem-2022-Grupo-25\jfreechart\src\test\java\org\jfree\chart\block\GridArrangementTest.java
D:\ES\ES-Curso-2Sem-2022-Grupo-25\jfreechart\src\test\java\org\jfree\chart\entity\FlowEntityTest.java
D:\ES\ES-Curso-2Sem-2022-Grupo-25\jfreechart\src\test\java\org\jfree\chart\entity\XYItemEntityTest.java
D:\ES\ES-Curso-2Sem-2022-Grupo-25\jfreechart\src\test\java\org\jfree\chart\axis\DateTickUnitTest.java
D:\ES\ES-Curso-2Sem-2022-Grupo-25\jfreechart\src\test\java\org\jfree\chart\labels\StandardFlowLabelGeneratorTest.java
D:\ES\ES-Curso-2Sem-2022-Grupo-25\jfreechart\src\test\java\org\jfree\chart\axis\DateTickMarkPositionTest.java
D:\ES\ES-Curso-2Sem-2022-Grupo-25\jfreechart\src\test\java\org\jfree\chart\entity\CategoryItemEntityTest.java
D:\ES\ES-Curso-2Sem-2022-Grupo-25\jfreechart\src\test\java\org\jfree\chart\axis\LogarithmicAxisTest.java
D:\ES\ES-Curso-2Sem-2022-Grupo-25\jfreechart\src\test\java\org\jfree\chart\legend\PaintScaleLegendTest.java
D:\ES\ES-Curso-2Sem-2022-Grupo-25\jfreechart\src\test\java\org\jfree\chart\annotations\XYBoxAnnotationTest.java
D:\ES\ES-Curso-2Sem-2022-Grupo-25\jfreechart\src\test\java\org\jfree\chart\labels\CustomXYItemLabelGeneratorTest.java
D:\ES\ES-Curso-2Sem-2022-Grupo-25\jfreechart\src\test\java\org\jfree\chart\axis\AxisSpaceTest.java
D:\ES\ES-Curso-2Sem-2022-Grupo-25\jfreechart\src\test\java\org\jfree\chart\axis\CategoryAnchorTest.java
D:\ES\ES-Curso-2Sem-2022-Grupo-25\jfreechart\src\test\java\org\jfree\chart\internal\HashUtilsTest.java
D:\ES\ES-Curso-2Sem-2022-Grupo-25\jfreechart\src\test\java\org\jfree\chart\block\AbstractBlockTest.java
D:\ES\ES-Curso-2Sem-2022-Grupo-25\jfreechart\src\test\java\org\jfree\chart\labels\IntervalCategoryToolTipGeneratorTest.java
D:\ES\ES-Curso-2Sem-2022-Grupo-25\jfreechart\src\test\java\org\jfree\chart\entity\TickLabelEntityTest.java
D:\ES\ES-Curso-2Sem-2022-Grupo-25\jfreechart\src\test\java\org\jfree\chart\block\LineBorderTest.java
D:\ES\ES-Curso-2Sem-2022-Grupo-25\jfreechart\src\test\java\org\jfree\chart\imagemap\ImageMapUtilsTest.java
D:\ES\ES-Curso-2Sem-2022-Grupo-25\jfreechart\src\test\java\org\jfree\chart\annotations\XYLineAnnotationTest.java
D:\ES\ES-Curso-2Sem-2022-Grupo-25\jfreechart\src\test\java\org\jfree\chart\XYStepChartTest.java
D:\ES\ES-Curso-2Sem-2022-Grupo-25\jfreechart\src\test\java\org\jfree\chart\axis\DateAxisTest.java
D:\ES\ES-Curso-2Sem-2022-Grupo-25\jfreechart\src\test\java\org\jfree\chart\axis\MonthDateFormatTest.java
D:\ES\ES-Curso-2Sem-2022-Grupo-25\jfreechart\src\test\java\org\jfree\chart\block\ColorBlockTest.java
D:\ES\ES-Curso-2Sem-2022-Grupo-25\jfreechart\src\test\java\org\jfree\chart\axis\CategoryLabelPositionsTest.java
D:\ES\ES-Curso-2Sem-2022-Grupo-25\jfreechart\src\test\java\org\jfree\chart\WaterfallChartTest.java
D:\ES\ES-Curso-2Sem-2022-Grupo-25\jfreechart\src\test\java\org\jfree\chart\axis\PeriodAxisTest.java
D:\ES\ES-Curso-2Sem-2022-Grupo-25\jfreechart\src\test\java\org\jfree\chart\annotations\TextAnnotationTest.java
D:\ES\ES-Curso-2Sem-2022-Grupo-25\jfreechart\src\test\java\org\jfree\chart\block\FlowArrangementTest.java
D:\ES\ES-Curso-2Sem-2022-Grupo-25\jfreechart\src\test\java\org\jfree\chart\labels\HighLowItemLabelGeneratorTest.java
D:\ES\ES-Curso-2Sem-2022-Grupo-25\jfreechart\src\test\java\org\jfree\chart\labels\StandardXYItemLabelGeneratorTest.java
D:\ES\ES-Curso-2Sem-2022-Grupo-25\jfreechart\src\test\java\org\jfree\chart\legend\LegendGraphicTest.java
D:\ES\ES-Curso-2Sem-2022-Grupo-25\jfreechart\src\test\java\org\jfree\chart\PieChartTest.java
D:\ES\ES-Curso-2Sem-2022-Grupo-25\jfreechart\src\test\java\org\jfree\chart\axis\CategoryLabelPositionTest.java
D:\ES\ES-Curso-2Sem-2022-Grupo-25\jfreechart\src\test\java\org\jfree\chart\axis\SubCategoryAxisTest.java
D:\ES\ES-Curso-2Sem-2022-Grupo-25\jfreechart\src\test\java\org\jfree\chart\internal\SerialUtilsTest.java
D:\ES\ES-Curso-2Sem-2022-Grupo-25\jfreechart\src\test\java\org\jfree\chart\labels\IntervalCategoryItemLabelGeneratorTest.java
D:\ES\ES-Curso-2Sem-2022-Grupo-25\jfreechart\src\test\java\org\jfree\chart\annotations\XYPointerAnnotationTest.java
D:\ES\ES-Curso-2Sem-2022-Grupo-25\jfreechart\src\test\java\org\jfree\chart\StandardChartThemeTest.java
D:\ES\ES-Curso-2Sem-2022-Grupo-25\jfreechart\src\test\java\org\jfree\chart\annotations\CategoryTextAnnotationTest.java
D:\ES\ES-Curso-2Sem-2022-Grupo-25\jfreechart\src\test\java\org\jfree\chart\labels\StandardXYZToolTipGeneratorTest.java
D:\ES\ES-Curso-2Sem-2022-Grupo-25\jfreechart\src\test\java\org\jfree\chart\annotations\CategoryLineAnnotationTest.java
D:\ES\ES-Curso-2Sem-2022-Grupo-25\jfreechart\src\test\java\org\jfree\chart\axis\AxisTest.java
D:\ES\ES-Curso-2Sem-2022-Grupo-25\jfreechart\src\test\java\org\jfree\chart\axis\StandardTickUnitSourceTest.java
D:\ES\ES-Curso-2Sem-2022-Grupo-25\jfreechart\src\test\java\org\jfree\chart\internal\ArgsTest.java
D:\ES\ES-Curso-2Sem-2022-Grupo-25\jfreechart\src\test\java\org\jfree\chart\annotations\XYShapeAnnotationTest.java
D:\ES\ES-Curso-2Sem-2022-Grupo-25\jfreechart\src\test\java\org\jfree\chart\internal\CloneUtilsTest.java
D:\ES\ES-Curso-2Sem-2022-Grupo-25\jfreechart\src\test\java\org\jfree\chart\axis\DateTickTest.java
D:\ES\ES-Curso-2Sem-2022-Grupo-25\jfreechart\src\test\java\org\jfree\chart\labels\MultipleXYSeriesLabelGeneratorTest.java
D:\ES\ES-Curso-2Sem-2022-Grupo-25\jfreechart\src\test\java\org\jfree\chart\imagemap\StandardURLTagFragmentGeneratorTest.java
D:\ES\ES-Curso-2Sem-2022-Grupo-25\jfreechart\src\test\java\org\jfree\chart\TestUtils.java
D:\ES\ES-Curso-2Sem-2022-Grupo-25\jfreechart\src\test\java\org\jfree\chart\axis\MarkerAxisBandTest.java
D:\ES\ES-Curso-2Sem-2022-Grupo-25\jfreechart\src\test\java\org\jfree\chart\labels\ItemLabelPositionTest.java
D:\ES\ES-Curso-2Sem-2022-Grupo-25\jfreechart\src\test\java\org\jfree\chart\entity\PieSectionEntityTest.java
D:\ES\ES-Curso-2Sem-2022-Grupo-25\jfreechart\src\test\java\org\jfree\chart\XYLineChartTest.java
D:\ES\ES-Curso-2Sem-2022-Grupo-25\jfreechart\src\test\java\org\jfree\chart\GanttChartTest.java
D:\ES\ES-Curso-2Sem-2022-Grupo-25\jfreechart\src\test\java\org\jfree\chart\api\RectangleAlignmentTest.java
D:\ES\ES-Curso-2Sem-2022-Grupo-25\jfreechart\src\test\java\org\jfree\chart\annotations\XYTextAnnotationTest.java
D:\ES\ES-Curso-2Sem-2022-Grupo-25\jfreechart\src\test\java\org\jfree\chart\ScatterPlotTest.java
D:\ES\ES-Curso-2Sem-2022-Grupo-25\jfreechart\src\test\java\org\jfree\chart\ChartRenderingInfoTest.java
D:\ES\ES-Curso-2Sem-2022-Grupo-25\jfreechart\src\test\java\org\jfree\chart\axis\ModuloAxisTest.java
D:\ES\ES-Curso-2Sem-2022-Grupo-25\jfreechart\src\test\java\org\jfree\chart\labels\BubbleXYItemLabelGeneratorTest.java
D:\ES\ES-Curso-2Sem-2022-Grupo-25\jfreechart\src\test\java\org\jfree\chart\labels\StandardXYToolTipGeneratorTest.java
D:\ES\ES-Curso-2Sem-2022-Grupo-25\jfreechart\src\test\java\org\jfree\chart\JFreeChartTest.java
D:\ES\ES-Curso-2Sem-2022-Grupo-25\jfreechart\src\test\java\org\jfree\chart\entity\CategoryLabelEntityTest.java
D:\ES\ES-Curso-2Sem-2022-Grupo-25\jfreechart\src\test\java\org\jfree\chart\LegendItemTest.java
D:\ES\ES-Curso-2Sem-2022-Grupo-25\jfreechart\src\test\java\org\jfree\chart\labels\StandardCategorySeriesLabelGeneratorTest.java
D:\ES\ES-Curso-2Sem-2022-Grupo-25\jfreechart\src\test\java\org\jfree\chart\axis\LogAxisTest.java
D:\ES\ES-Curso-2Sem-2022-Grupo-25\jfreechart\src\test\java\org\jfree\chart\block\BlockContainerTest.java
D:\ES\ES-Curso-2Sem-2022-Grupo-25\jfreechart\src\test\java\org\jfree\chart\labels\BoxAndWhiskerXYToolTipGeneratorTest.java
D:\ES\ES-Curso-2Sem-2022-Grupo-25\jfreechart\src\test\java\org\jfree\chart\annotations\XYTitleAnnotationTest.java
D:\ES\ES-Curso-2Sem-2022-Grupo-25\jfreechart\src\test\java\org\jfree\chart\axis\NumberTickUnitTest.java
D:\ES\ES-Curso-2Sem-2022-Grupo-25\jfreechart\src\test\java\org\jfree\chart\imagemap\StandardToolTipTagFragmentGeneratorTest.java
D:\ES\ES-Curso-2Sem-2022-Grupo-25\jfreechart\src\test\java\org\jfree\chart\labels\StandardPieSectionLabelGeneratorTest.java
D:\ES\ES-Curso-2Sem-2022-Grupo-25\jfreechart\src\test\java\org\jfree\chart\LegendItemCollectionTest.java
D:\ES\ES-Curso-2Sem-2022-Grupo-25\jfreechart\src\test\java\org\jfree\chart\labels\StandardCategoryItemLabelGeneratorTest.java
D:\ES\ES-Curso-2Sem-2022-Grupo-25\jfreechart\src\test\java\org\jfree\chart\AreaChartTest.java
D:\ES\ES-Curso-2Sem-2022-Grupo-25\jfreechart\src\test\java\org\jfree\chart\XYAreaChartTest.java
D:\ES\ES-Curso-2Sem-2022-Grupo-25\jfreechart\src\test\java\org\jfree\chart\annotations\XYPolygonAnnotationTest.java
D:\ES\ES-Curso-2Sem-2022-Grupo-25\jfreechart\src\test\java\org\jfree\chart\BarChartTest.java
D:\ES\ES-Curso-2Sem-2022-Grupo-25\jfreechart\src\test\java\org\jfree\chart\block\BorderArrangementTest.java
D:\ES\ES-Curso-2Sem-2022-Grupo-25\jfreechart\src\test\java\org\jfree\chart\annotations\XYImageAnnotationTest.java
D:\ES\ES-Curso-2Sem-2022-Grupo-25\jfreechart\src\test\java\org\jfree\chart\entity\LegendItemEntityTest.java
D:\ES\ES-Curso-2Sem-2022-Grupo-25\jfreechart\src\test\java\org\jfree\chart\annotations\CategoryPointerAnnotationTest.java
D:\ES\ES-Curso-2Sem-2022-Grupo-25\jfreechart\src\test\java\org\jfree\chart\imagemap\OverLIBToolTipTagFragmentGeneratorTest.java
D:\ES\ES-Curso-2Sem-2022-Grupo-25\jfreechart\src\test\java\org\jfree\chart\StackedBarChartTest.java
D:\ES\ES-Curso-2Sem-2022-Grupo-25\jfreechart\src\test\java\org\jfree\chart\axis\ValueAxisTest.java
D:\ES\ES-Curso-2Sem-2022-Grupo-25\jfreechart\src\test\java\org\jfree\chart\entity\StandardEntityCollectionTest.java
D:\ES\ES-Curso-2Sem-2022-Grupo-25\jfreechart\src\test\java\org\jfree\chart\XYBarChartTest.java
D:\ES\ES-Curso-2Sem-2022-Grupo-25\jfreechart\src\test\java\org\jfree\chart\labels\BoxAndWhiskerToolTipGeneratorTest.java
D:\ES\ES-Curso-2Sem-2022-Grupo-25\jfreechart\src\test\java\org\jfree\chart\axis\CyclicNumberAxisTest.java
D:\ES\ES-Curso-2Sem-2022-Grupo-25\jfreechart\src\test\java\org\jfree\chart\axis\CategoryTickTest.java
D:\ES\ES-Curso-2Sem-2022-Grupo-25\jfreechart\src\test\java\org\jfree\chart\axis\NumberAxisTest.java
D:\ES\ES-Curso-2Sem-2022-Grupo-25\jfreechart\src\test\java\org\jfree\chart\internal\ShapeUtilsTest.java
D:\ES\ES-Curso-2Sem-2022-Grupo-25\jfreechart\src\test\java\org\jfree\chart\axis\TickUnitsTest.java
D:\ES\ES-Curso-2Sem-2022-Grupo-25\jfreechart\src\test\java\org\jfree\chart\TimeSeriesChartTest.java
D:\ES\ES-Curso-2Sem-2022-Grupo-25\jfreechart\src\test\java\org\jfree\chart\labels\StandardXYSeriesLabelGeneratorTest.java
D:\ES\ES-Curso-2Sem-2022-Grupo-25\jfreechart\src\test\java\org\jfree\chart\axis\AxisLocationTest.java
D:\ES\ES-Curso-2Sem-2022-Grupo-25\jfreechart\src\test\java\org\jfree\chart\block\LabelBlockTest.java
D:\ES\ES-Curso-2Sem-2022-Grupo-25\jfreechart\src\test\java\org\jfree\chart\imagemap\DynamicDriveToolTipTagFragmentGeneratorTest.java
D:\ES\ES-Curso-2Sem-2022-Grupo-25\jfreechart\src\test\java\org\jfree\chart\axis\QuarterDateFormatTest.java
D:\ES\ES-Curso-2Sem-2022-Grupo-25\jfreechart\src\test\java\org\jfree\chart\axis\SymbolAxisTest.java
D:\ES\ES-Curso-2Sem-2022-Grupo-25\jfreechart\src\test\java\org\jfree\chart\StackedAreaChartTest.java
