D:\ES\ES-Curso-2Sem-2022-Grupo-25\jfreechart\src\main\java\org\jfree\chart\util\ExportUtils.java
D:\ES\ES-Curso-2Sem-2022-Grupo-25\jfreechart\src\main\java\org\jfree\data\time\Minute.java
D:\ES\ES-Curso-2Sem-2022-Grupo-25\jfreechart\src\main\java\org\jfree\chart\plot\flow\FlowPlot.java
D:\ES\ES-Curso-2Sem-2022-Grupo-25\jfreechart\src\main\java\org\jfree\chart\renderer\xy\GradientXYBarPainter.java
D:\ES\ES-Curso-2Sem-2022-Grupo-25\jfreechart\src\main\java\org\jfree\chart\title\ImageTitle.java
D:\ES\ES-Curso-2Sem-2022-Grupo-25\jfreechart\src\main\java\org\jfree\data\xy\DefaultXYDataset.java
D:\ES\ES-Curso-2Sem-2022-Grupo-25\jfreechart\src\main\java\org\jfree\chart\axis\NumberAxis.java
D:\ES\ES-Curso-2Sem-2022-Grupo-25\jfreechart\src\main\java\org\jfree\data\category\IntervalCategoryDataset.java
D:\ES\ES-Curso-2Sem-2022-Grupo-25\jfreechart\src\main\java\org\jfree\chart\imagemap\ImageMapUtils.java
D:\ES\ES-Curso-2Sem-2022-Grupo-25\jfreechart\src\main\java\org\jfree\chart\swing\editor\FontChooserPanel.java
D:\ES\ES-Curso-2Sem-2022-Grupo-25\jfreechart\src\main\java\org\jfree\chart\renderer\WaferMapRenderer.java
D:\ES\ES-Curso-2Sem-2022-Grupo-25\jfreechart\src\main\java\org\jfree\chart\labels\SymbolicXYItemLabelGenerator.java
D:\ES\ES-Curso-2Sem-2022-Grupo-25\jfreechart\src\main\java\org\jfree\chart\plot\package-info.java
D:\ES\ES-Curso-2Sem-2022-Grupo-25\jfreechart\src\main\java\org\jfree\data\xy\XYCoordinate.java
D:\ES\ES-Curso-2Sem-2022-Grupo-25\jfreechart\src\main\java\org\jfree\chart\urls\XYURLGenerator.java
D:\ES\ES-Curso-2Sem-2022-Grupo-25\jfreechart\src\main\java\org\jfree\chart\renderer\xy\StackedXYAreaRenderer.java
D:\ES\ES-Curso-2Sem-2022-Grupo-25\jfreechart\src\main\java\org\jfree\data\xy\DefaultTableXYDataset.java
D:\ES\ES-Curso-2Sem-2022-Grupo-25\jfreechart\src\main\java\org\jfree\data\KeyedObject.java
D:\ES\ES-Curso-2Sem-2022-Grupo-25\jfreechart\src\main\java\org\jfree\chart\labels\CategoryItemLabelGenerator.java
D:\ES\ES-Curso-2Sem-2022-Grupo-25\jfreechart\src\main\java\org\jfree\chart\axis\TickType.java
D:\ES\ES-Curso-2Sem-2022-Grupo-25\jfreechart\src\main\java\org\jfree\chart\api\RectangleAlignment.java
D:\ES\ES-Curso-2Sem-2022-Grupo-25\jfreechart\src\main\java\org\jfree\chart\entity\PieSectionEntity.java
D:\ES\ES-Curso-2Sem-2022-Grupo-25\jfreechart\src\main\java\org\jfree\data\time\TimePeriodFormatException.java
D:\ES\ES-Curso-2Sem-2022-Grupo-25\jfreechart\src\main\java\org\jfree\chart\axis\ExtendedCategoryAxis.java
D:\ES\ES-Curso-2Sem-2022-Grupo-25\jfreechart\src\main\java\org\jfree\chart\swing\editor\FontDisplayField.java
D:\ES\ES-Curso-2Sem-2022-Grupo-25\jfreechart\src\main\java\org\jfree\chart\renderer\category\StackedAreaRenderer.java
D:\ES\ES-Curso-2Sem-2022-Grupo-25\jfreechart\src\main\java\org\jfree\chart\renderer\xy\VectorRenderer.java
D:\ES\ES-Curso-2Sem-2022-Grupo-25\jfreechart\src\main\java\org\jfree\chart\swing\editor\DefaultNumberAxisEditor.java
D:\ES\ES-Curso-2Sem-2022-Grupo-25\jfreechart\src\main\java\org\jfree\data\time\TimeSeries.java
D:\ES\ES-Curso-2Sem-2022-Grupo-25\jfreechart\src\main\java\org\jfree\chart\title\CompositeTitle.java
D:\ES\ES-Curso-2Sem-2022-Grupo-25\jfreechart\src\main\java\org\jfree\data\xy\XYDataset.java
D:\ES\ES-Curso-2Sem-2022-Grupo-25\jfreechart\src\main\java\org\jfree\chart\imagemap\DynamicDriveToolTipTagFragmentGenerator.java
D:\ES\ES-Curso-2Sem-2022-Grupo-25\jfreechart\src\main\java\org\jfree\chart\entity\JFreeChartEntity.java
D:\ES\ES-Curso-2Sem-2022-Grupo-25\jfreechart\src\main\java\org\jfree\chart\plot\SpiderWebPlot.java
D:\ES\ES-Curso-2Sem-2022-Grupo-25\jfreechart\src\main\java\org\jfree\chart\plot\pie\MultiplePiePlot.java
D:\ES\ES-Curso-2Sem-2022-Grupo-25\jfreechart\src\main\java\org\jfree\data\KeyedValues2DItemKey.java
D:\ES\ES-Curso-2Sem-2022-Grupo-25\jfreechart\src\main\java\org\jfree\data\time\ohlc\OHLC.java
D:\ES\ES-Curso-2Sem-2022-Grupo-25\jfreechart\src\main\java\org\jfree\chart\block\BlockBorder.java
D:\ES\ES-Curso-2Sem-2022-Grupo-25\jfreechart\src\main\java\org\jfree\chart\plot\compass\CompassPlot.java
D:\ES\ES-Curso-2Sem-2022-Grupo-25\jfreechart\src\main\java\org\jfree\chart\date\MonthConstants.java
D:\ES\ES-Curso-2Sem-2022-Grupo-25\jfreechart\src\main\java\org\jfree\data\time\TimeTableXYDataset.java
D:\ES\ES-Curso-2Sem-2022-Grupo-25\jfreechart\src\main\java\org\jfree\chart\labels\IntervalCategoryItemLabelGenerator.java
D:\ES\ES-Curso-2Sem-2022-Grupo-25\jfreechart\src\main\java\org\jfree\data\xy\XYIntervalSeries.java
D:\ES\ES-Curso-2Sem-2022-Grupo-25\jfreechart\src\main\java\org\jfree\chart\renderer\xy\XYAreaRenderer.java
D:\ES\ES-Curso-2Sem-2022-Grupo-25\jfreechart\src\main\java\org\jfree\chart\renderer\RendererUtils.java
D:\ES\ES-Curso-2Sem-2022-Grupo-25\jfreechart\src\main\java\org\jfree\data\json\impl\JSONValue.java
D:\ES\ES-Curso-2Sem-2022-Grupo-25\jfreechart\src\main\java\org\jfree\chart\block\EntityBlockResult.java
D:\ES\ES-Curso-2Sem-2022-Grupo-25\jfreechart\src\main\java\org\jfree\chart\block\Size2D.java
D:\ES\ES-Curso-2Sem-2022-Grupo-25\jfreechart\src\main\java\org\jfree\chart\event\ChartProgressListener.java
D:\ES\ES-Curso-2Sem-2022-Grupo-25\jfreechart\src\main\java\org\jfree\chart\swing\package-info.java
D:\ES\ES-Curso-2Sem-2022-Grupo-25\jfreechart\src\main\java\org\jfree\data\xy\AbstractXYZDataset.java
D:\ES\ES-Curso-2Sem-2022-Grupo-25\jfreechart\src\main\java\org\jfree\chart\renderer\category\AreaRenderer.java
D:\ES\ES-Curso-2Sem-2022-Grupo-25\jfreechart\src\main\java\org\jfree\data\time\SimpleTimePeriod.java
D:\ES\ES-Curso-2Sem-2022-Grupo-25\jfreechart\src\main\java\org\jfree\chart\api\RectangleInsets.java
D:\ES\ES-Curso-2Sem-2022-Grupo-25\jfreechart\src\main\java\org\jfree\chart\ChartFactory.java
D:\ES\ES-Curso-2Sem-2022-Grupo-25\jfreechart\src\main\java\org\jfree\chart\plot\SeriesRenderingOrder.java
D:\ES\ES-Curso-2Sem-2022-Grupo-25\jfreechart\src\main\java\org\jfree\data\json\JSONUtils.java
D:\ES\ES-Curso-2Sem-2022-Grupo-25\jfreechart\src\main\java\org\jfree\chart\text\package-info.java
D:\ES\ES-Curso-2Sem-2022-Grupo-25\jfreechart\src\main\java\org\jfree\chart\ChartUtils.java
D:\ES\ES-Curso-2Sem-2022-Grupo-25\jfreechart\src\main\java\org\jfree\chart\renderer\GrayPaintScale.java
D:\ES\ES-Curso-2Sem-2022-Grupo-25\jfreechart\src\main\java\org\jfree\data\general\ValueDataset.java
D:\ES\ES-Curso-2Sem-2022-Grupo-25\jfreechart\src\main\java\org\jfree\data\xy\IntervalXYDataset.java
D:\ES\ES-Curso-2Sem-2022-Grupo-25\jfreechart\src\main\java\org\jfree\chart\renderer\NotOutlierException.java
D:\ES\ES-Curso-2Sem-2022-Grupo-25\jfreechart\src\main\java\org\jfree\chart\axis\LogarithmicAxis.java
D:\ES\ES-Curso-2Sem-2022-Grupo-25\jfreechart\src\main\java\org\jfree\data\DomainInfo.java
D:\ES\ES-Curso-2Sem-2022-Grupo-25\jfreechart\src\main\java\org\jfree\chart\labels\StandardCategoryItemLabelGenerator.java
D:\ES\ES-Curso-2Sem-2022-Grupo-25\jfreechart\src\main\java\org\jfree\data\function\Function2D.java
D:\ES\ES-Curso-2Sem-2022-Grupo-25\jfreechart\src\main\java\org\jfree\data\time\DateRange.java
D:\ES\ES-Curso-2Sem-2022-Grupo-25\jfreechart\src\main\java\org\jfree\data\xy\VectorDataItem.java
D:\ES\ES-Curso-2Sem-2022-Grupo-25\jfreechart\src\main\java\org\jfree\chart\plot\dial\package-info.java
D:\ES\ES-Curso-2Sem-2022-Grupo-25\jfreechart\src\main\java\org\jfree\chart\util\GradientPaintTransformType.java
D:\ES\ES-Curso-2Sem-2022-Grupo-25\jfreechart\src\main\java\org\jfree\chart\axis\DateTickUnitType.java
D:\ES\ES-Curso-2Sem-2022-Grupo-25\jfreechart\src\main\java\org\jfree\data\DomainOrder.java
D:\ES\ES-Curso-2Sem-2022-Grupo-25\jfreechart\src\main\java\org\jfree\data\time\TimePeriod.java
D:\ES\ES-Curso-2Sem-2022-Grupo-25\jfreechart\src\main\java\org\jfree\chart\renderer\RendererState.java
D:\ES\ES-Curso-2Sem-2022-Grupo-25\jfreechart\src\main\java\org\jfree\chart\util\DirectionalGradientPaintTransformer.java
D:\ES\ES-Curso-2Sem-2022-Grupo-25\jfreechart\src\main\java\org\jfree\chart\axis\CategoryLabelWidthType.java
D:\ES\ES-Curso-2Sem-2022-Grupo-25\jfreechart\src\main\java\org\jfree\chart\plot\dial\DialPointer.java
D:\ES\ES-Curso-2Sem-2022-Grupo-25\jfreechart\src\main\java\org\jfree\chart\plot\dial\AbstractDialLayer.java
D:\ES\ES-Curso-2Sem-2022-Grupo-25\jfreechart\src\main\java\org\jfree\chart\plot\CenterTextMode.java
D:\ES\ES-Curso-2Sem-2022-Grupo-25\jfreechart\src\main\java\org\jfree\chart\plot\Zoomable.java
D:\ES\ES-Curso-2Sem-2022-Grupo-25\jfreechart\src\main\java\org\jfree\chart\plot\MeterPlot.java
D:\ES\ES-Curso-2Sem-2022-Grupo-25\jfreechart\src\main\java\org\jfree\chart\swing\AbstractOverlay.java
D:\ES\ES-Curso-2Sem-2022-Grupo-25\jfreechart\src\main\java\org\jfree\data\xy\XYDomainInfo.java
D:\ES\ES-Curso-2Sem-2022-Grupo-25\jfreechart\src\main\java\org\jfree\chart\ChartTheme.java
D:\ES\ES-Curso-2Sem-2022-Grupo-25\jfreechart\src\main\java\org\jfree\chart\urls\CustomXYURLGenerator.java
D:\ES\ES-Curso-2Sem-2022-Grupo-25\jfreechart\src\main\java\org\jfree\data\statistics\BoxAndWhiskerCategoryDataset.java
D:\ES\ES-Curso-2Sem-2022-Grupo-25\jfreechart\src\main\java\org\jfree\chart\swing\editor\StrokeChooserPanel.java
D:\ES\ES-Curso-2Sem-2022-Grupo-25\jfreechart\src\main\java\org\jfree\chart\encoders\SunPNGEncoderAdapter.java
D:\ES\ES-Curso-2Sem-2022-Grupo-25\jfreechart\src\main\java\org\jfree\chart\annotations\XYPointerAnnotation.java
D:\ES\ES-Curso-2Sem-2022-Grupo-25\jfreechart\src\main\java\org\jfree\chart\block\Arrangement.java
D:\ES\ES-Curso-2Sem-2022-Grupo-25\jfreechart\src\main\java\org\jfree\chart\util\ShadowGenerator.java
D:\ES\ES-Curso-2Sem-2022-Grupo-25\jfreechart\src\main\java\org\jfree\chart\text\TextBlockAnchor.java
D:\ES\ES-Curso-2Sem-2022-Grupo-25\jfreechart\src\main\java\org\jfree\chart\internal\CloneUtils.java
D:\ES\ES-Curso-2Sem-2022-Grupo-25\jfreechart\src\main\java\org\jfree\data\general\SeriesChangeEvent.java
D:\ES\ES-Curso-2Sem-2022-Grupo-25\jfreechart\src\main\java\org\jfree\chart\plot\compass\PointerNeedle.java
D:\ES\ES-Curso-2Sem-2022-Grupo-25\jfreechart\src\main\java\org\jfree\data\statistics\DefaultMultiValueCategoryDataset.java
D:\ES\ES-Curso-2Sem-2022-Grupo-25\jfreechart\src\main\java\org\jfree\chart\renderer\xy\DefaultXYItemRenderer.java
D:\ES\ES-Curso-2Sem-2022-Grupo-25\jfreechart\src\main\java\org\jfree\chart\axis\DateTick.java
D:\ES\ES-Curso-2Sem-2022-Grupo-25\jfreechart\src\main\java\org\jfree\data\statistics\BoxAndWhiskerCalculator.java
D:\ES\ES-Curso-2Sem-2022-Grupo-25\jfreechart\src\main\java\org\jfree\chart\renderer\xy\StandardXYBarPainter.java
D:\ES\ES-Curso-2Sem-2022-Grupo-25\jfreechart\src\main\java\org\jfree\chart\plot\dial\DialScale.java
D:\ES\ES-Curso-2Sem-2022-Grupo-25\jfreechart\src\main\java\org\jfree\data\xy\XisSymbolic.java
D:\ES\ES-Curso-2Sem-2022-Grupo-25\jfreechart\src\main\java\org\jfree\chart\plot\pie\PiePlot.java
D:\ES\ES-Curso-2Sem-2022-Grupo-25\jfreechart\src\main\java\org\jfree\chart\entity\TitleEntity.java
D:\ES\ES-Curso-2Sem-2022-Grupo-25\jfreechart\src\main\java\org\jfree\chart\renderer\AreaRendererEndType.java
D:\ES\ES-Curso-2Sem-2022-Grupo-25\jfreechart\src\main\java\org\jfree\chart\annotations\XYAnnotation.java
D:\ES\ES-Curso-2Sem-2022-Grupo-25\jfreechart\src\main\java\org\jfree\chart\ChartElement.java
D:\ES\ES-Curso-2Sem-2022-Grupo-25\jfreechart\src\main\java\org\jfree\chart\text\format\LogFormat.java
D:\ES\ES-Curso-2Sem-2022-Grupo-25\jfreechart\src\main\java\org\jfree\data\time\TimePeriodAnchor.java
D:\ES\ES-Curso-2Sem-2022-Grupo-25\jfreechart\src\main\java\org\jfree\chart\urls\StandardXYURLGenerator.java
D:\ES\ES-Curso-2Sem-2022-Grupo-25\jfreechart\src\main\java\org\jfree\data\general\DatasetChangeListener.java
D:\ES\ES-Curso-2Sem-2022-Grupo-25\jfreechart\src\main\java\org\jfree\chart\block\BorderArrangement.java
D:\ES\ES-Curso-2Sem-2022-Grupo-25\jfreechart\src\main\java\org\jfree\chart\renderer\category\LineAndShapeRenderer.java
D:\ES\ES-Curso-2Sem-2022-Grupo-25\jfreechart\src\main\java\org\jfree\chart\util\DefaultShadowGenerator.java
D:\ES\ES-Curso-2Sem-2022-Grupo-25\jfreechart\src\main\java\org\jfree\chart\plot\WaferMapPlot.java
D:\ES\ES-Curso-2Sem-2022-Grupo-25\jfreechart\src\main\java\org\jfree\chart\block\Block.java
D:\ES\ES-Curso-2Sem-2022-Grupo-25\jfreechart\src\main\java\org\jfree\data\xy\TableXYDataset.java
D:\ES\ES-Curso-2Sem-2022-Grupo-25\jfreechart\src\main\java\org\jfree\chart\plot\CategoryCrosshairState.java
D:\ES\ES-Curso-2Sem-2022-Grupo-25\jfreechart\src\main\java\org\jfree\chart\text\TextAnchor.java
D:\ES\ES-Curso-2Sem-2022-Grupo-25\jfreechart\src\main\java\org\jfree\chart\axis\MonthDateFormat.java
D:\ES\ES-Curso-2Sem-2022-Grupo-25\jfreechart\src\main\java\org\jfree\data\json\impl\JSONStreamAware.java
D:\ES\ES-Curso-2Sem-2022-Grupo-25\jfreechart\src\main\java\org\jfree\data\category\DefaultIntervalCategoryDataset.java
D:\ES\ES-Curso-2Sem-2022-Grupo-25\jfreechart\src\main\java\org\jfree\chart\event\TitleChangeEvent.java
D:\ES\ES-Curso-2Sem-2022-Grupo-25\jfreechart\src\main\java\org\jfree\data\resources\DataPackageResources_es.java
D:\ES\ES-Curso-2Sem-2022-Grupo-25\jfreechart\src\main\java\org\jfree\data\xy\IntervalXYDelegate.java
D:\ES\ES-Curso-2Sem-2022-Grupo-25\jfreechart\src\main\java\org\jfree\chart\renderer\xy\XYAreaRenderer2.java
D:\ES\ES-Curso-2Sem-2022-Grupo-25\jfreechart\src\main\java\org\jfree\data\general\PieDataset.java
D:\ES\ES-Curso-2Sem-2022-Grupo-25\jfreechart\src\main\java\org\jfree\chart\plot\compass\PlumNeedle.java
D:\ES\ES-Curso-2Sem-2022-Grupo-25\jfreechart\src\main\java\org\jfree\data\gantt\GanttCategoryDataset.java
D:\ES\ES-Curso-2Sem-2022-Grupo-25\jfreechart\src\main\java\org\jfree\chart\api\VerticalAlignment.java
D:\ES\ES-Curso-2Sem-2022-Grupo-25\jfreechart\src\main\java\org\jfree\data\xy\YisSymbolic.java
D:\ES\ES-Curso-2Sem-2022-Grupo-25\jfreechart\src\main\java\org\jfree\data\KeyedValues.java
D:\ES\ES-Curso-2Sem-2022-Grupo-25\jfreechart\src\main\java\org\jfree\chart\renderer\xy\StandardXYItemRenderer.java
D:\ES\ES-Curso-2Sem-2022-Grupo-25\jfreechart\src\main\java\org\jfree\chart\util\StringUtils.java
D:\ES\ES-Curso-2Sem-2022-Grupo-25\jfreechart\src\main\java\org\jfree\chart\entity\ChartEntity.java
D:\ES\ES-Curso-2Sem-2022-Grupo-25\jfreechart\src\main\java\org\jfree\chart\swing\MouseWheelHandler.java
D:\ES\ES-Curso-2Sem-2022-Grupo-25\jfreechart\src\main\java\org\jfree\chart\legend\LegendGraphic.java
D:\ES\ES-Curso-2Sem-2022-Grupo-25\jfreechart\src\main\java\org\jfree\data\xy\XIntervalSeries.java
D:\ES\ES-Curso-2Sem-2022-Grupo-25\jfreechart\src\main\java\org\jfree\chart\axis\StandardTickUnitSource.java
D:\ES\ES-Curso-2Sem-2022-Grupo-25\jfreechart\src\main\java\org\jfree\chart\api\PublicCloneable.java
D:\ES\ES-Curso-2Sem-2022-Grupo-25\jfreechart\src\main\java\org\jfree\chart\urls\StandardXYZURLGenerator.java
D:\ES\ES-Curso-2Sem-2022-Grupo-25\jfreechart\src\main\java\org\jfree\chart\block\LineBorder.java
D:\ES\ES-Curso-2Sem-2022-Grupo-25\jfreechart\src\main\java\org\jfree\data\xy\YWithXInterval.java
D:\ES\ES-Curso-2Sem-2022-Grupo-25\jfreechart\src\main\java\org\jfree\chart\renderer\category\MinMaxCategoryRenderer.java
D:\ES\ES-Curso-2Sem-2022-Grupo-25\jfreechart\src\main\java\org\jfree\chart\internal\PaintUtils.java
D:\ES\ES-Curso-2Sem-2022-Grupo-25\jfreechart\src\main\java\org\jfree\chart\plot\pie\package-info.java
D:\ES\ES-Curso-2Sem-2022-Grupo-25\jfreechart\src\main\java\org\jfree\data\xy\YIntervalSeriesCollection.java
D:\ES\ES-Curso-2Sem-2022-Grupo-25\jfreechart\src\main\java\org\jfree\chart\labels\StandardCategoryToolTipGenerator.java
D:\ES\ES-Curso-2Sem-2022-Grupo-25\jfreechart\src\main\java\org\jfree\chart\plot\DatasetRenderingOrder.java
D:\ES\ES-Curso-2Sem-2022-Grupo-25\jfreechart\src\main\java\org\jfree\chart\renderer\OutlierList.java
D:\ES\ES-Curso-2Sem-2022-Grupo-25\jfreechart\src\main\java\org\jfree\chart\plot\CategoryMarker.java
D:\ES\ES-Curso-2Sem-2022-Grupo-25\jfreechart\src\main\java\org\jfree\chart\event\ChartChangeEventType.java
D:\ES\ES-Curso-2Sem-2022-Grupo-25\jfreechart\src\main\java\org\jfree\chart\axis\ValueTick.java
D:\ES\ES-Curso-2Sem-2022-Grupo-25\jfreechart\src\main\java\org\jfree\chart\swing\ChartMouseListener.java
D:\ES\ES-Curso-2Sem-2022-Grupo-25\jfreechart\src\main\java\org\jfree\chart\plot\DrawingSupplier.java
D:\ES\ES-Curso-2Sem-2022-Grupo-25\jfreechart\src\main\java\org\jfree\data\KeyedValues2D.java
D:\ES\ES-Curso-2Sem-2022-Grupo-25\jfreechart\src\main\java\org\jfree\chart\Drawable.java
D:\ES\ES-Curso-2Sem-2022-Grupo-25\jfreechart\src\main\java\org\jfree\chart\renderer\category\CategoryItemRenderer.java
D:\ES\ES-Curso-2Sem-2022-Grupo-25\jfreechart\src\main\java\org\jfree\chart\swing\editor\DefaultPolarPlotEditor.java
D:\ES\ES-Curso-2Sem-2022-Grupo-25\jfreechart\src\main\java\org\jfree\chart\title\package-info.java
D:\ES\ES-Curso-2Sem-2022-Grupo-25\jfreechart\src\main\java\org\jfree\chart\renderer\xy\StackedXYAreaRenderer2.java
D:\ES\ES-Curso-2Sem-2022-Grupo-25\jfreechart\src\main\java\org\jfree\chart\annotations\package-info.java
D:\ES\ES-Curso-2Sem-2022-Grupo-25\jfreechart\src\main\java\org\jfree\chart\plot\dial\DialLayerChangeListener.java
D:\ES\ES-Curso-2Sem-2022-Grupo-25\jfreechart\src\main\java\org\jfree\chart\plot\dial\DialFrame.java
D:\ES\ES-Curso-2Sem-2022-Grupo-25\jfreechart\src\main\java\org\jfree\chart\swing\editor\DefaultAxisEditor.java
D:\ES\ES-Curso-2Sem-2022-Grupo-25\jfreechart\src\main\java\org\jfree\chart\renderer\Outlier.java
D:\ES\ES-Curso-2Sem-2022-Grupo-25\jfreechart\src\main\java\org\jfree\chart\imagemap\StandardURLTagFragmentGenerator.java
D:\ES\ES-Curso-2Sem-2022-Grupo-25\jfreechart\src\main\java\org\jfree\chart\title\Title.java
D:\ES\ES-Curso-2Sem-2022-Grupo-25\jfreechart\src\main\java\org\jfree\chart\urls\PieURLGenerator.java
D:\ES\ES-Curso-2Sem-2022-Grupo-25\jfreechart\src\main\java\org\jfree\chart\annotations\XYAnnotationBoundsInfo.java
D:\ES\ES-Curso-2Sem-2022-Grupo-25\jfreechart\src\main\java\org\jfree\chart\labels\MultipleXYSeriesLabelGenerator.java
D:\ES\ES-Curso-2Sem-2022-Grupo-25\jfreechart\src\main\java\org\jfree\chart\plot\dial\DialTextAnnotation.java
D:\ES\ES-Curso-2Sem-2022-Grupo-25\jfreechart\src\main\java\org\jfree\chart\urls\CustomCategoryURLGenerator.java
D:\ES\ES-Curso-2Sem-2022-Grupo-25\jfreechart\src\main\java\org\jfree\data\general\SeriesDataset.java
D:\ES\ES-Curso-2Sem-2022-Grupo-25\jfreechart\src\main\java\org\jfree\chart\axis\QuarterDateFormat.java
D:\ES\ES-Curso-2Sem-2022-Grupo-25\jfreechart\src\main\java\org\jfree\chart\renderer\xy\XYBarPainter.java
D:\ES\ES-Curso-2Sem-2022-Grupo-25\jfreechart\src\main\java\org\jfree\data\general\DefaultKeyedValues2DDataset.java
D:\ES\ES-Curso-2Sem-2022-Grupo-25\jfreechart\src\main\java\org\jfree\data\xy\MatrixSeriesCollection.java
D:\ES\ES-Curso-2Sem-2022-Grupo-25\jfreechart\src\main\java\org\jfree\data\category\CategoryDataset.java
D:\ES\ES-Curso-2Sem-2022-Grupo-25\jfreechart\src\main\java\org\jfree\data\xy\MatrixSeries.java
D:\ES\ES-Curso-2Sem-2022-Grupo-25\jfreechart\src\main\java\org\jfree\data\function\NormalDistributionFunction2D.java
D:\ES\ES-Curso-2Sem-2022-Grupo-25\jfreechart\src\main\java\org\jfree\data\xy\YInterval.java
D:\ES\ES-Curso-2Sem-2022-Grupo-25\jfreechart\src\main\java\org\jfree\chart\renderer\xy\DeviationRenderer.java
D:\ES\ES-Curso-2Sem-2022-Grupo-25\jfreechart\src\main\java\org\jfree\chart\text\format\HMSNumberFormat.java
D:\ES\ES-Curso-2Sem-2022-Grupo-25\jfreechart\src\main\java\org\jfree\chart\axis\PeriodAxisLabelInfo.java
D:\ES\ES-Curso-2Sem-2022-Grupo-25\jfreechart\src\main\java\org\jfree\data\gantt\SlidingGanttCategoryDataset.java
D:\ES\ES-Curso-2Sem-2022-Grupo-25\jfreechart\src\main\java\org\jfree\chart\axis\Axis.java
D:\ES\ES-Curso-2Sem-2022-Grupo-25\jfreechart\src\main\java\org\jfree\chart\plot\dial\DialPlot.java
D:\ES\ES-Curso-2Sem-2022-Grupo-25\jfreechart\src\main\java\org\jfree\chart\renderer\category\CategoryStepRenderer.java
D:\ES\ES-Curso-2Sem-2022-Grupo-25\jfreechart\src\main\java\org\jfree\chart\block\BlockParams.java
D:\ES\ES-Curso-2Sem-2022-Grupo-25\jfreechart\src\main\java\org\jfree\chart\block\CenterArrangement.java
D:\ES\ES-Curso-2Sem-2022-Grupo-25\jfreechart\src\main\java\org\jfree\chart\swing\ChartFrame.java
D:\ES\ES-Curso-2Sem-2022-Grupo-25\jfreechart\src\main\java\org\jfree\chart\plot\pie\PieLabelDistributor.java
D:\ES\ES-Curso-2Sem-2022-Grupo-25\jfreechart\src\main\java\org\jfree\data\io\CSV.java
D:\ES\ES-Curso-2Sem-2022-Grupo-25\jfreechart\src\main\java\org\jfree\chart\renderer\PaintScale.java
D:\ES\ES-Curso-2Sem-2022-Grupo-25\jfreechart\src\main\java\org\jfree\chart\urls\XYZURLGenerator.java
D:\ES\ES-Curso-2Sem-2022-Grupo-25\jfreechart\src\main\java\org\jfree\chart\util\AttrStringUtils.java
D:\ES\ES-Curso-2Sem-2022-Grupo-25\jfreechart\src\main\java\org\jfree\data\xy\DefaultHighLowDataset.java
D:\ES\ES-Curso-2Sem-2022-Grupo-25\jfreechart\src\main\java\org\jfree\chart\annotations\XYDrawableAnnotation.java
D:\ES\ES-Curso-2Sem-2022-Grupo-25\jfreechart\src\main\java\org\jfree\chart\internal\package-info.java
D:\ES\ES-Curso-2Sem-2022-Grupo-25\jfreechart\src\main\java\org\jfree\chart\labels\StandardXYSeriesLabelGenerator.java
D:\ES\ES-Curso-2Sem-2022-Grupo-25\jfreechart\src\main\java\org\jfree\data\category\CategoryRangeInfo.java
D:\ES\ES-Curso-2Sem-2022-Grupo-25\jfreechart\src\main\java\org\jfree\chart\axis\DateAxis.java
D:\ES\ES-Curso-2Sem-2022-Grupo-25\jfreechart\src\main\java\org\jfree\chart\annotations\XYTextAnnotation.java
D:\ES\ES-Curso-2Sem-2022-Grupo-25\jfreechart\src\main\java\org\jfree\chart\labels\AbstractXYItemLabelGenerator.java
D:\ES\ES-Curso-2Sem-2022-Grupo-25\jfreechart\src\main\java\org\jfree\data\time\Week.java
D:\ES\ES-Curso-2Sem-2022-Grupo-25\jfreechart\src\main\java\org\jfree\data\ItemKey.java
D:\ES\ES-Curso-2Sem-2022-Grupo-25\jfreechart\src\main\java\org\jfree\chart\block\LabelBlock.java
D:\ES\ES-Curso-2Sem-2022-Grupo-25\jfreechart\src\main\java\org\jfree\chart\labels\BoxAndWhiskerXYToolTipGenerator.java
D:\ES\ES-Curso-2Sem-2022-Grupo-25\jfreechart\src\main\java\org\jfree\chart\plot\dial\StandardDialScale.java
D:\ES\ES-Curso-2Sem-2022-Grupo-25\jfreechart\src\main\java\org\jfree\chart\renderer\xy\YIntervalRenderer.java
D:\ES\ES-Curso-2Sem-2022-Grupo-25\jfreechart\src\main\java\org\jfree\chart\text\TextFragment.java
D:\ES\ES-Curso-2Sem-2022-Grupo-25\jfreechart\src\main\java\org\jfree\data\time\Year.java
D:\ES\ES-Curso-2Sem-2022-Grupo-25\jfreechart\src\main\java\org\jfree\chart\labels\BubbleXYItemLabelGenerator.java
D:\ES\ES-Curso-2Sem-2022-Grupo-25\jfreechart\src\main\java\org\jfree\data\xml\DatasetReader.java
D:\ES\ES-Curso-2Sem-2022-Grupo-25\jfreechart\src\main\java\org\jfree\data\xy\XIntervalSeriesCollection.java
D:\ES\ES-Curso-2Sem-2022-Grupo-25\jfreechart\src\main\java\org\jfree\chart\block\package-info.java
D:\ES\ES-Curso-2Sem-2022-Grupo-25\jfreechart\src\main\java\org\jfree\chart\package-info.java
D:\ES\ES-Curso-2Sem-2022-Grupo-25\jfreechart\src\main\java\org\jfree\chart\labels\PieToolTipGenerator.java
D:\ES\ES-Curso-2Sem-2022-Grupo-25\jfreechart\src\main\java\org\jfree\chart\urls\package-info.java
D:\ES\ES-Curso-2Sem-2022-Grupo-25\jfreechart\src\main\java\org\jfree\chart\labels\CategorySeriesLabelGenerator.java
D:\ES\ES-Curso-2Sem-2022-Grupo-25\jfreechart\src\main\java\org\jfree\chart\labels\StandardPieSectionLabelGenerator.java
D:\ES\ES-Curso-2Sem-2022-Grupo-25\jfreechart\src\main\java\org\jfree\chart\renderer\category\StatisticalLineAndShapeRenderer.java
D:\ES\ES-Curso-2Sem-2022-Grupo-25\jfreechart\src\main\java\org\jfree\data\statistics\BoxAndWhiskerItem.java
D:\ES\ES-Curso-2Sem-2022-Grupo-25\jfreechart\src\main\java\org\jfree\data\time\Millisecond.java
D:\ES\ES-Curso-2Sem-2022-Grupo-25\jfreechart\src\main\java\org\jfree\chart\axis\CategoryLabelPositions.java
D:\ES\ES-Curso-2Sem-2022-Grupo-25\jfreechart\src\main\java\org\jfree\chart\annotations\TextAnnotation.java
D:\ES\ES-Curso-2Sem-2022-Grupo-25\jfreechart\src\main\java\org\jfree\chart\entity\StandardEntityCollection.java
D:\ES\ES-Curso-2Sem-2022-Grupo-25\jfreechart\src\main\java\org\jfree\chart\labels\BoxAndWhiskerToolTipGenerator.java
D:\ES\ES-Curso-2Sem-2022-Grupo-25\jfreechart\src\main\java\org\jfree\data\flow\FlowDataset.java
D:\ES\ES-Curso-2Sem-2022-Grupo-25\jfreechart\src\main\java\org\jfree\data\function\PowerFunction2D.java
D:\ES\ES-Curso-2Sem-2022-Grupo-25\jfreechart\src\main\java\org\jfree\chart\date\SpreadsheetDate.java
D:\ES\ES-Curso-2Sem-2022-Grupo-25\jfreechart\src\main\java\org\jfree\data\xml\PieDatasetHandler.java
D:\ES\ES-Curso-2Sem-2022-Grupo-25\jfreechart\src\main\java\org\jfree\data\Range.java
D:\ES\ES-Curso-2Sem-2022-Grupo-25\jfreechart\src\main\java\org\jfree\data\xy\XYIntervalSeriesCollection.java
D:\ES\ES-Curso-2Sem-2022-Grupo-25\jfreechart\src\main\java\org\jfree\chart\plot\pie\PieLabelRecord.java
D:\ES\ES-Curso-2Sem-2022-Grupo-25\jfreechart\src\main\java\org\jfree\chart\plot\dial\ArcDialFrame.java
D:\ES\ES-Curso-2Sem-2022-Grupo-25\jfreechart\src\main\java\org\jfree\data\resources\DataPackageResources_ru.java
D:\ES\ES-Curso-2Sem-2022-Grupo-25\jfreechart\src\main\java\org\jfree\chart\legend\LegendItemSource.java
D:\ES\ES-Curso-2Sem-2022-Grupo-25\jfreechart\src\main\java\org\jfree\data\json\package-info.java
D:\ES\ES-Curso-2Sem-2022-Grupo-25\jfreechart\src\main\java\org\jfree\chart\title\ShortTextTitle.java
D:\ES\ES-Curso-2Sem-2022-Grupo-25\jfreechart\src\main\java\org\jfree\data\xy\VectorXYDataset.java
D:\ES\ES-Curso-2Sem-2022-Grupo-25\jfreechart\src\main\java\org\jfree\chart\axis\ValueAxis.java
D:\ES\ES-Curso-2Sem-2022-Grupo-25\jfreechart\src\main\java\org\jfree\chart\text\TextMeasurer.java
D:\ES\ES-Curso-2Sem-2022-Grupo-25\jfreechart\src\main\java\org\jfree\chart\util\package-info.java
D:\ES\ES-Curso-2Sem-2022-Grupo-25\jfreechart\src\main\java\org\jfree\data\gantt\TaskSeries.java
D:\ES\ES-Curso-2Sem-2022-Grupo-25\jfreechart\src\main\java\org\jfree\chart\axis\CyclicNumberAxis.java
D:\ES\ES-Curso-2Sem-2022-Grupo-25\jfreechart\src\main\java\org\jfree\chart\axis\CategoryAxis.java
D:\ES\ES-Curso-2Sem-2022-Grupo-25\jfreechart\src\main\java\org\jfree\data\time\MovingAverage.java
D:\ES\ES-Curso-2Sem-2022-Grupo-25\jfreechart\src\main\java\org\jfree\data\xy\XYSeriesCollection.java
D:\ES\ES-Curso-2Sem-2022-Grupo-25\jfreechart\src\main\java\org\jfree\chart\entity\CategoryLabelEntity.java
D:\ES\ES-Curso-2Sem-2022-Grupo-25\jfreechart\src\main\java\org\jfree\chart\plot\compass\package-info.java
D:\ES\ES-Curso-2Sem-2022-Grupo-25\jfreechart\src\main\java\org\jfree\data\statistics\SimpleHistogramDataset.java
D:\ES\ES-Curso-2Sem-2022-Grupo-25\jfreechart\src\main\java\org\jfree\chart\labels\IntervalCategoryToolTipGenerator.java
D:\ES\ES-Curso-2Sem-2022-Grupo-25\jfreechart\src\main\java\org\jfree\chart\entity\TickLabelEntity.java
D:\ES\ES-Curso-2Sem-2022-Grupo-25\jfreechart\src\main\java\org\jfree\chart\swing\PolarChartPanel.java
D:\ES\ES-Curso-2Sem-2022-Grupo-25\jfreechart\src\main\java\org\jfree\chart\axis\NumberTickUnitSource.java
D:\ES\ES-Curso-2Sem-2022-Grupo-25\jfreechart\src\main\java\org\jfree\data\resources\DataPackageResources_de.java
D:\ES\ES-Curso-2Sem-2022-Grupo-25\jfreechart\src\main\java\org\jfree\chart\annotations\AbstractAnnotation.java
D:\ES\ES-Curso-2Sem-2022-Grupo-25\jfreechart\src\main\java\org\jfree\chart\annotations\XYLineAnnotation.java
D:\ES\ES-Curso-2Sem-2022-Grupo-25\jfreechart\src\main\java\org\jfree\chart\renderer\category\DefaultCategoryItemRenderer.java
D:\ES\ES-Curso-2Sem-2022-Grupo-25\jfreechart\src\main\java\org\jfree\data\general\HeatMapDataset.java
D:\ES\ES-Curso-2Sem-2022-Grupo-25\jfreechart\src\main\java\org\jfree\data\xy\YIntervalSeries.java
D:\ES\ES-Curso-2Sem-2022-Grupo-25\jfreechart\src\main\java\org\jfree\chart\renderer\xy\HighLowRenderer.java
D:\ES\ES-Curso-2Sem-2022-Grupo-25\jfreechart\src\main\java\org\jfree\data\xy\XYRangeInfo.java
D:\ES\ES-Curso-2Sem-2022-Grupo-25\jfreechart\src\main\java\org\jfree\chart\entity\FlowEntity.java
D:\ES\ES-Curso-2Sem-2022-Grupo-25\jfreechart\src\main\java\org\jfree\chart\annotations\XYImageAnnotation.java
D:\ES\ES-Curso-2Sem-2022-Grupo-25\jfreechart\src\main\java\org\jfree\data\gantt\XYTaskDataset.java
D:\ES\ES-Curso-2Sem-2022-Grupo-25\jfreechart\src\main\java\org\jfree\data\general\KeyedValuesDataset.java
D:\ES\ES-Curso-2Sem-2022-Grupo-25\jfreechart\src\main\java\org\jfree\chart\renderer\AbstractRenderer.java
D:\ES\ES-Curso-2Sem-2022-Grupo-25\jfreechart\src\main\java\org\jfree\data\time\Day.java
D:\ES\ES-Curso-2Sem-2022-Grupo-25\jfreechart\src\main\java\org\jfree\chart\renderer\xy\WindItemRenderer.java
D:\ES\ES-Curso-2Sem-2022-Grupo-25\jfreechart\src\main\java\org\jfree\chart\labels\IntervalXYToolTipGenerator.java
D:\ES\ES-Curso-2Sem-2022-Grupo-25\jfreechart\src\main\java\org\jfree\chart\swing\UIUtils.java
D:\ES\ES-Curso-2Sem-2022-Grupo-25\jfreechart\src\main\java\org\jfree\chart\swing\editor\StrokeSample.java
D:\ES\ES-Curso-2Sem-2022-Grupo-25\jfreechart\src\main\java\org\jfree\chart\block\AbstractBlock.java
D:\ES\ES-Curso-2Sem-2022-Grupo-25\jfreechart\src\main\java\org\jfree\data\statistics\MeanAndStandardDeviation.java
D:\ES\ES-Curso-2Sem-2022-Grupo-25\jfreechart\src\main\java\org\jfree\data\statistics\HistogramType.java
D:\ES\ES-Curso-2Sem-2022-Grupo-25\jfreechart\src\main\java\org\jfree\chart\plot\FastScatterPlot.java
D:\ES\ES-Curso-2Sem-2022-Grupo-25\jfreechart\src\main\java\org\jfree\chart\plot\XYPlot.java
D:\ES\ES-Curso-2Sem-2022-Grupo-25\jfreechart\src\main\java\org\jfree\chart\labels\StandardPieToolTipGenerator.java
D:\ES\ES-Curso-2Sem-2022-Grupo-25\jfreechart\src\main\java\org\jfree\chart\plot\CombinedDomainCategoryPlot.java
D:\ES\ES-Curso-2Sem-2022-Grupo-25\jfreechart\src\main\java\org\jfree\chart\renderer\xy\XYDifferenceRenderer.java
D:\ES\ES-Curso-2Sem-2022-Grupo-25\jfreechart\src\main\java\org\jfree\data\time\TimeSeriesCollection.java
D:\ES\ES-Curso-2Sem-2022-Grupo-25\jfreechart\src\main\java\org\jfree\chart\plot\CombinedRangeCategoryPlot.java
D:\ES\ES-Curso-2Sem-2022-Grupo-25\jfreechart\src\main\java\org\jfree\data\general\DefaultValueDataset.java
D:\ES\ES-Curso-2Sem-2022-Grupo-25\jfreechart\src\main\java\module-info.java
D:\ES\ES-Curso-2Sem-2022-Grupo-25\jfreechart\src\main\java\org\jfree\chart\api\TableOrder.java
D:\ES\ES-Curso-2Sem-2022-Grupo-25\jfreechart\src\main\java\org\jfree\chart\swing\editor\DefaultValueAxisEditor.java
D:\ES\ES-Curso-2Sem-2022-Grupo-25\jfreechart\src\main\java\org\jfree\data\xy\OHLCDataset.java
D:\ES\ES-Curso-2Sem-2022-Grupo-25\jfreechart\src\main\java\org\jfree\data\xy\XYDataItem.java
D:\ES\ES-Curso-2Sem-2022-Grupo-25\jfreechart\src\main\java\org\jfree\chart\block\RectangleConstraint.java
D:\ES\ES-Curso-2Sem-2022-Grupo-25\jfreechart\src\main\java\org\jfree\chart\title\DateTitle.java
D:\ES\ES-Curso-2Sem-2022-Grupo-25\jfreechart\src\main\java\org\jfree\chart\legend\LegendItemCollection.java
D:\ES\ES-Curso-2Sem-2022-Grupo-25\jfreechart\src\main\java\org\jfree\chart\renderer\xy\XYBubbleRenderer.java
D:\ES\ES-Curso-2Sem-2022-Grupo-25\jfreechart\src\main\java\org\jfree\chart\plot\CombinedRangeXYPlot.java
D:\ES\ES-Curso-2Sem-2022-Grupo-25\jfreechart\src\main\java\org\jfree\chart\renderer\category\BarRenderer.java
D:\ES\ES-Curso-2Sem-2022-Grupo-25\jfreechart\src\main\java\org\jfree\chart\imagemap\URLTagFragmentGenerator.java
D:\ES\ES-Curso-2Sem-2022-Grupo-25\jfreechart\src\main\java\org\jfree\chart\axis\DateTickUnit.java
D:\ES\ES-Curso-2Sem-2022-Grupo-25\jfreechart\src\main\java\org\jfree\chart\swing\NumberCellRenderer.java
D:\ES\ES-Curso-2Sem-2022-Grupo-25\jfreechart\src\main\java\org\jfree\data\statistics\HistogramDataset.java
D:\ES\ES-Curso-2Sem-2022-Grupo-25\jfreechart\src\main\java\org\jfree\data\time\TimePeriodValue.java
D:\ES\ES-Curso-2Sem-2022-Grupo-25\jfreechart\src\main\java\org\jfree\data\general\DefaultKeyedValuesDataset.java
D:\ES\ES-Curso-2Sem-2022-Grupo-25\jfreechart\src\main\java\org\jfree\chart\event\TitleChangeListener.java
D:\ES\ES-Curso-2Sem-2022-Grupo-25\jfreechart\src\main\java\org\jfree\chart\entity\NodeEntity.java
D:\ES\ES-Curso-2Sem-2022-Grupo-25\jfreechart\src\main\java\org\jfree\chart\renderer\xy\CandlestickRenderer.java
D:\ES\ES-Curso-2Sem-2022-Grupo-25\jfreechart\src\main\java\org\jfree\chart\renderer\xy\SamplingXYLineRenderer.java
D:\ES\ES-Curso-2Sem-2022-Grupo-25\jfreechart\src\main\java\org\jfree\chart\renderer\xy\XYItemRendererState.java
D:\ES\ES-Curso-2Sem-2022-Grupo-25\jfreechart\src\main\java\org\jfree\chart\swing\editor\DefaultChartEditorFactory.java
D:\ES\ES-Curso-2Sem-2022-Grupo-25\jfreechart\src\main\java\org\jfree\chart\annotations\CategoryAnnotation.java
D:\ES\ES-Curso-2Sem-2022-Grupo-25\jfreechart\src\main\java\org\jfree\chart\event\package-info.java
D:\ES\ES-Curso-2Sem-2022-Grupo-25\jfreechart\src\main\java\org\jfree\chart\entity\CategoryItemEntity.java
D:\ES\ES-Curso-2Sem-2022-Grupo-25\jfreechart\src\main\java\org\jfree\chart\axis\SubCategoryAxis.java
D:\ES\ES-Curso-2Sem-2022-Grupo-25\jfreechart\src\main\java\org\jfree\chart\internal\ShapeUtils.java
D:\ES\ES-Curso-2Sem-2022-Grupo-25\jfreechart\src\main\java\org\jfree\chart\plot\compass\MiddlePinNeedle.java
D:\ES\ES-Curso-2Sem-2022-Grupo-25\jfreechart\src\main\java\org\jfree\chart\event\ChartProgressEventType.java
D:\ES\ES-Curso-2Sem-2022-Grupo-25\jfreechart\src\main\java\org\jfree\chart\renderer\category\StatisticalBarRenderer.java
D:\ES\ES-Curso-2Sem-2022-Grupo-25\jfreechart\src\main\java\org\jfree\data\KeyedObjects.java
D:\ES\ES-Curso-2Sem-2022-Grupo-25\jfreechart\src\main\java\org\jfree\chart\event\PlotChangeListener.java
D:\ES\ES-Curso-2Sem-2022-Grupo-25\jfreechart\src\main\java\org\jfree\chart\entity\AxisEntity.java
D:\ES\ES-Curso-2Sem-2022-Grupo-25\jfreechart\src\main\java\org\jfree\chart\entity\package-info.java
D:\ES\ES-Curso-2Sem-2022-Grupo-25\jfreechart\src\main\java\org\jfree\data\xy\DefaultWindDataset.java
D:\ES\ES-Curso-2Sem-2022-Grupo-25\jfreechart\src\main\java\org\jfree\chart\renderer\OutlierListCollection.java
D:\ES\ES-Curso-2Sem-2022-Grupo-25\jfreechart\src\main\java\org\jfree\chart\plot\PolarPlot.java
D:\ES\ES-Curso-2Sem-2022-Grupo-25\jfreechart\src\main\java\org\jfree\data\general\DefaultKeyedValueDataset.java
D:\ES\ES-Curso-2Sem-2022-Grupo-25\jfreechart\src\main\java\org\jfree\chart\encoders\SunJPEGEncoderAdapter.java
D:\ES\ES-Curso-2Sem-2022-Grupo-25\jfreechart\src\main\java\org\jfree\chart\plot\compass\PinNeedle.java
D:\ES\ES-Curso-2Sem-2022-Grupo-25\jfreechart\src\main\java\org\jfree\data\general\KeyedValues2DDataset.java
D:\ES\ES-Curso-2Sem-2022-Grupo-25\jfreechart\src\main\java\org\jfree\chart\plot\CrosshairState.java
D:\ES\ES-Curso-2Sem-2022-Grupo-25\jfreechart\src\main\java\org\jfree\chart\annotations\XYPolygonAnnotation.java
D:\ES\ES-Curso-2Sem-2022-Grupo-25\jfreechart\src\main\java\org\jfree\chart\block\EmptyBlock.java
D:\ES\ES-Curso-2Sem-2022-Grupo-25\jfreechart\src\main\java\org\jfree\data\function\LineFunction2D.java
D:\ES\ES-Curso-2Sem-2022-Grupo-25\jfreechart\src\main\java\org\jfree\data\json\impl\JSONObject.java
D:\ES\ES-Curso-2Sem-2022-Grupo-25\jfreechart\src\main\java\org\jfree\chart\legend\LegendItem.java
D:\ES\ES-Curso-2Sem-2022-Grupo-25\jfreechart\src\main\java\org\jfree\chart\imagemap\package-info.java
D:\ES\ES-Curso-2Sem-2022-Grupo-25\jfreechart\src\main\java\org\jfree\chart\urls\CustomPieURLGenerator.java
D:\ES\ES-Curso-2Sem-2022-Grupo-25\jfreechart\src\main\java\org\jfree\data\general\SeriesException.java
D:\ES\ES-Curso-2Sem-2022-Grupo-25\jfreechart\src\main\java\org\jfree\chart\axis\LogTick.java
D:\ES\ES-Curso-2Sem-2022-Grupo-25\jfreechart\src\main\java\org\jfree\chart\labels\CustomXYToolTipGenerator.java
D:\ES\ES-Curso-2Sem-2022-Grupo-25\jfreechart\src\main\java\org\jfree\chart\swing\editor\ChartEditorFactory.java
D:\ES\ES-Curso-2Sem-2022-Grupo-25\jfreechart\src\main\java\org\jfree\data\json\impl\JSONAware.java
D:\ES\ES-Curso-2Sem-2022-Grupo-25\jfreechart\src\main\java\org\jfree\data\UnknownKeyException.java
D:\ES\ES-Curso-2Sem-2022-Grupo-25\jfreechart\src\main\java\org\jfree\chart\text\TextUtils.java
D:\ES\ES-Curso-2Sem-2022-Grupo-25\jfreechart\src\main\java\org\jfree\chart\plot\pie\PieLabelLinkStyle.java
D:\ES\ES-Curso-2Sem-2022-Grupo-25\jfreechart\src\main\java\org\jfree\data\xy\VectorSeries.java
D:\ES\ES-Curso-2Sem-2022-Grupo-25\jfreechart\src\main\java\org\jfree\chart\plot\DialShape.java
D:\ES\ES-Curso-2Sem-2022-Grupo-25\jfreechart\src\main\java\org\jfree\data\general\DatasetUtils.java
D:\ES\ES-Curso-2Sem-2022-Grupo-25\jfreechart\src\main\java\org\jfree\data\xy\XYInterval.java
D:\ES\ES-Curso-2Sem-2022-Grupo-25\jfreechart\src\main\java\org\jfree\chart\annotations\CategoryTextAnnotation.java
D:\ES\ES-Curso-2Sem-2022-Grupo-25\jfreechart\src\main\java\org\jfree\chart\util\GradientPaintTransformer.java
D:\ES\ES-Curso-2Sem-2022-Grupo-25\jfreechart\src\main\java\org\jfree\chart\plot\compass\WindNeedle.java
D:\ES\ES-Curso-2Sem-2022-Grupo-25\jfreechart\src\main\java\org\jfree\chart\plot\IntervalMarker.java
D:\ES\ES-Curso-2Sem-2022-Grupo-25\jfreechart\src\main\java\org\jfree\chart\renderer\DefaultPolarItemRenderer.java
D:\ES\ES-Curso-2Sem-2022-Grupo-25\jfreechart\src\main\java\org\jfree\chart\renderer\category\WaterfallBarRenderer.java
D:\ES\ES-Curso-2Sem-2022-Grupo-25\jfreechart\src\main\java\org\jfree\chart\labels\HighLowItemLabelGenerator.java
D:\ES\ES-Curso-2Sem-2022-Grupo-25\jfreechart\src\main\java\org\jfree\chart\api\LengthAdjustmentType.java
D:\ES\ES-Curso-2Sem-2022-Grupo-25\jfreechart\src\main\java\org\jfree\chart\axis\AxisLabelLocation.java
D:\ES\ES-Curso-2Sem-2022-Grupo-25\jfreechart\src\main\java\org\jfree\chart\swing\editor\DefaultChartEditor.java
D:\ES\ES-Curso-2Sem-2022-Grupo-25\jfreechart\src\main\java\org\jfree\chart\swing\OverlayChangeEvent.java
D:\ES\ES-Curso-2Sem-2022-Grupo-25\jfreechart\src\main\java\org\jfree\chart\renderer\xy\XYErrorRenderer.java
D:\ES\ES-Curso-2Sem-2022-Grupo-25\jfreechart\src\main\java\org\jfree\chart\text\AttributedStringUtils.java
D:\ES\ES-Curso-2Sem-2022-Grupo-25\jfreechart\src\main\java\org\jfree\data\json\impl\package-info.java
D:\ES\ES-Curso-2Sem-2022-Grupo-25\jfreechart\src\main\java\org\jfree\chart\api\RectangleAnchor.java
D:\ES\ES-Curso-2Sem-2022-Grupo-25\jfreechart\src\main\java\org\jfree\data\time\Month.java
D:\ES\ES-Curso-2Sem-2022-Grupo-25\jfreechart\src\main\java\org\jfree\chart\axis\CategoryTick.java
D:\ES\ES-Curso-2Sem-2022-Grupo-25\jfreechart\src\main\java\org\jfree\chart\encoders\ImageEncoder.java
D:\ES\ES-Curso-2Sem-2022-Grupo-25\jfreechart\src\main\java\org\jfree\data\gantt\TaskSeriesCollection.java
D:\ES\ES-Curso-2Sem-2022-Grupo-25\jfreechart\src\main\java\org\jfree\chart\urls\TimeSeriesURLGenerator.java
D:\ES\ES-Curso-2Sem-2022-Grupo-25\jfreechart\src\main\java\org\jfree\data\time\FixedMillisecond.java
D:\ES\ES-Curso-2Sem-2022-Grupo-25\jfreechart\src\main\java\org\jfree\data\statistics\SimpleHistogramBin.java
D:\ES\ES-Curso-2Sem-2022-Grupo-25\jfreechart\src\main\java\org\jfree\chart\renderer\category\ScatterRenderer.java
D:\ES\ES-Curso-2Sem-2022-Grupo-25\jfreechart\src\main\java\org\jfree\chart\swing\ApplicationFrame.java
D:\ES\ES-Curso-2Sem-2022-Grupo-25\jfreechart\src\main\java\org\jfree\chart\api\UnitType.java
D:\ES\ES-Curso-2Sem-2022-Grupo-25\jfreechart\src\main\java\org\jfree\chart\swing\editor\ChartEditorManager.java
D:\ES\ES-Curso-2Sem-2022-Grupo-25\jfreechart\src\main\java\org\jfree\data\xy\NormalizedMatrixSeries.java
D:\ES\ES-Curso-2Sem-2022-Grupo-25\jfreechart\src\main\java\org\jfree\chart\block\BlockFrame.java
D:\ES\ES-Curso-2Sem-2022-Grupo-25\jfreechart\src\main\java\org\jfree\chart\block\BlockResult.java
D:\ES\ES-Curso-2Sem-2022-Grupo-25\jfreechart\src\main\java\org\jfree\data\category\DefaultCategoryDataset.java
D:\ES\ES-Curso-2Sem-2022-Grupo-25\jfreechart\src\main\java\org\jfree\data\time\TimePeriodValuesCollection.java
D:\ES\ES-Curso-2Sem-2022-Grupo-25\jfreechart\src\main\java\org\jfree\data\general\AbstractSeriesDataset.java
D:\ES\ES-Curso-2Sem-2022-Grupo-25\jfreechart\src\main\java\org\jfree\chart\api\Rotation.java
D:\ES\ES-Curso-2Sem-2022-Grupo-25\jfreechart\src\main\java\org\jfree\chart\StandardChartTheme.java
D:\ES\ES-Curso-2Sem-2022-Grupo-25\jfreechart\src\main\java\org\jfree\chart\swing\Overlay.java
D:\ES\ES-Curso-2Sem-2022-Grupo-25\jfreechart\src\main\java\org\jfree\chart\renderer\category\IntervalBarRenderer.java
D:\ES\ES-Curso-2Sem-2022-Grupo-25\jfreechart\src\main\java\org\jfree\data\DefaultKeyedValues.java
D:\ES\ES-Curso-2Sem-2022-Grupo-25\jfreechart\src\main\java\org\jfree\data\time\Hour.java
D:\ES\ES-Curso-2Sem-2022-Grupo-25\jfreechart\src\main\java\org\jfree\chart\legend\PaintScaleLegend.java
D:\ES\ES-Curso-2Sem-2022-Grupo-25\jfreechart\src\main\java\org\jfree\chart\text\TextBlock.java
D:\ES\ES-Curso-2Sem-2022-Grupo-25\jfreechart\src\main\java\org\jfree\chart\renderer\category\GanttRenderer.java
D:\ES\ES-Curso-2Sem-2022-Grupo-25\jfreechart\src\main\java\org\jfree\chart\date\package-info.java
D:\ES\ES-Curso-2Sem-2022-Grupo-25\jfreechart\src\main\java\org\jfree\chart\renderer\xy\ClusteredXYBarRenderer.java
D:\ES\ES-Curso-2Sem-2022-Grupo-25\jfreechart\src\main\java\org\jfree\chart\entity\LegendItemEntity.java
D:\ES\ES-Curso-2Sem-2022-Grupo-25\jfreechart\src\main\java\org\jfree\chart\swing\DefaultSelectionZoomStrategy.java
D:\ES\ES-Curso-2Sem-2022-Grupo-25\jfreechart\src\main\java\org\jfree\chart\internal\LineUtils.java
D:\ES\ES-Curso-2Sem-2022-Grupo-25\jfreechart\src\main\java\org\jfree\chart\renderer\category\BarPainter.java
D:\ES\ES-Curso-2Sem-2022-Grupo-25\jfreechart\src\main\java\org\jfree\chart\axis\LogAxis.java
D:\ES\ES-Curso-2Sem-2022-Grupo-25\jfreechart\src\main\java\org\jfree\chart\renderer\LookupPaintScale.java
D:\ES\ES-Curso-2Sem-2022-Grupo-25\jfreechart\src\main\java\org\jfree\data\time\DynamicTimeSeriesCollection.java
D:\ES\ES-Curso-2Sem-2022-Grupo-25\jfreechart\src\main\java\org\jfree\chart\renderer\category\GradientBarPainter.java
D:\ES\ES-Curso-2Sem-2022-Grupo-25\jfreechart\src\main\java\org\jfree\data\category\SlidingCategoryDataset.java
D:\ES\ES-Curso-2Sem-2022-Grupo-25\jfreechart\src\main\java\org\jfree\data\statistics\DefaultBoxAndWhiskerCategoryDataset.java
D:\ES\ES-Curso-2Sem-2022-Grupo-25\jfreechart\src\main\java\org\jfree\chart\plot\dial\StandardDialFrame.java
D:\ES\ES-Curso-2Sem-2022-Grupo-25\jfreechart\src\main\java\org\jfree\chart\swing\editor\LCBLayout.java
D:\ES\ES-Curso-2Sem-2022-Grupo-25\jfreechart\src\main\java\org\jfree\chart\api\package-info.java
D:\ES\ES-Curso-2Sem-2022-Grupo-25\jfreechart\src\main\java\org\jfree\chart\labels\StandardXYToolTipGenerator.java
D:\ES\ES-Curso-2Sem-2022-Grupo-25\jfreechart\src\main\java\org\jfree\chart\plot\CombinedDomainXYPlot.java
D:\ES\ES-Curso-2Sem-2022-Grupo-25\jfreechart\src\main\java\org\jfree\data\xy\DefaultXYZDataset.java
D:\ES\ES-Curso-2Sem-2022-Grupo-25\jfreechart\src\main\java\org\jfree\chart\plot\compass\ShipNeedle.java
D:\ES\ES-Curso-2Sem-2022-Grupo-25\jfreechart\src\main\java\org\jfree\chart\annotations\CategoryPointerAnnotation.java
D:\ES\ES-Curso-2Sem-2022-Grupo-25\jfreechart\src\main\java\org\jfree\chart\block\ColumnArrangement.java
D:\ES\ES-Curso-2Sem-2022-Grupo-25\jfreechart\src\main\java\org\jfree\chart\renderer\package-info.java
D:\ES\ES-Curso-2Sem-2022-Grupo-25\jfreechart\src\main\java\org\jfree\chart\axis\SymbolAxis.java
D:\ES\ES-Curso-2Sem-2022-Grupo-25\jfreechart\src\main\java\org\jfree\chart\event\ChartProgressEvent.java
D:\ES\ES-Curso-2Sem-2022-Grupo-25\jfreechart\src\main\java\org\jfree\data\resources\DataPackageResources_fr.java
D:\ES\ES-Curso-2Sem-2022-Grupo-25\jfreechart\src\main\java\org\jfree\chart\swing\ChartPanel.java
D:\ES\ES-Curso-2Sem-2022-Grupo-25\jfreechart\src\main\java\org\jfree\data\general\Series.java
D:\ES\ES-Curso-2Sem-2022-Grupo-25\jfreechart\src\main\java\org\jfree\chart\axis\CategoryLabelPosition.java
D:\ES\ES-Curso-2Sem-2022-Grupo-25\jfreechart\src\main\java\org\jfree\chart\text\G2TextMeasurer.java
D:\ES\ES-Curso-2Sem-2022-Grupo-25\jfreechart\src\main\java\org\jfree\data\xy\CategoryTableXYDataset.java
D:\ES\ES-Curso-2Sem-2022-Grupo-25\jfreechart\src\main\java\org\jfree\data\json\impl\JSONArray.java
D:\ES\ES-Curso-2Sem-2022-Grupo-25\jfreechart\src\main\java\org\jfree\data\time\ohlc\OHLCSeries.java
D:\ES\ES-Curso-2Sem-2022-Grupo-25\jfreechart\src\main\java\org\jfree\data\xy\DefaultOHLCDataset.java
D:\ES\ES-Curso-2Sem-2022-Grupo-25\jfreechart\src\main\java\org\jfree\chart\axis\MarkerAxisBand.java
D:\ES\ES-Curso-2Sem-2022-Grupo-25\jfreechart\src\main\java\org\jfree\chart\renderer\xy\package-info.java
D:\ES\ES-Curso-2Sem-2022-Grupo-25\jfreechart\src\main\java\org\jfree\chart\api\XYCoordinateType.java
D:\ES\ES-Curso-2Sem-2022-Grupo-25\jfreechart\src\main\java\org\jfree\chart\swing\editor\DefaultLogAxisEditor.java
D:\ES\ES-Curso-2Sem-2022-Grupo-25\jfreechart\src\main\java\org\jfree\chart\event\AxisChangeEvent.java
D:\ES\ES-Curso-2Sem-2022-Grupo-25\jfreechart\src\main\java\org\jfree\chart\renderer\xy\XYDotRenderer.java
D:\ES\ES-Curso-2Sem-2022-Grupo-25\jfreechart\src\main\java\org\jfree\chart\text\format\RelativeDateFormat.java
D:\ES\ES-Curso-2Sem-2022-Grupo-25\jfreechart\src\main\java\org\jfree\chart\renderer\category\package-info.java
D:\ES\ES-Curso-2Sem-2022-Grupo-25\jfreechart\src\main\java\org\jfree\data\general\HeatMapUtils.java
D:\ES\ES-Curso-2Sem-2022-Grupo-25\jfreechart\src\main\java\org\jfree\chart\labels\AbstractCategoryItemLabelGenerator.java
D:\ES\ES-Curso-2Sem-2022-Grupo-25\jfreechart\src\main\java\org\jfree\data\DataUtils.java
D:\ES\ES-Curso-2Sem-2022-Grupo-25\jfreechart\src\main\java\org\jfree\data\general\DefaultPieDataset.java
D:\ES\ES-Curso-2Sem-2022-Grupo-25\jfreechart\src\main\java\org\jfree\data\xml\ItemHandler.java
D:\ES\ES-Curso-2Sem-2022-Grupo-25\jfreechart\src\main\java\org\jfree\chart\annotations\CategoryLineAnnotation.java
D:\ES\ES-Curso-2Sem-2022-Grupo-25\jfreechart\src\main\java\org\jfree\chart\renderer\xy\CyclicXYItemRenderer.java
D:\ES\ES-Curso-2Sem-2022-Grupo-25\jfreechart\src\main\java\org\jfree\chart\annotations\XYShapeAnnotation.java
D:\ES\ES-Curso-2Sem-2022-Grupo-25\jfreechart\src\main\java\org\jfree\chart\imagemap\OverLIBToolTipTagFragmentGenerator.java
D:\ES\ES-Curso-2Sem-2022-Grupo-25\jfreechart\src\main\java\org\jfree\data\xy\XYSeries.java
D:\ES\ES-Curso-2Sem-2022-Grupo-25\jfreechart\src\main\java\org\jfree\chart\axis\ModuloAxis.java
D:\ES\ES-Curso-2Sem-2022-Grupo-25\jfreechart\src\main\java\org\jfree\chart\api\HorizontalAlignment.java
D:\ES\ES-Curso-2Sem-2022-Grupo-25\jfreechart\src\main\java\org\jfree\data\ComparableObjectSeries.java
D:\ES\ES-Curso-2Sem-2022-Grupo-25\jfreechart\src\main\java\org\jfree\data\xy\XYZDataset.java
D:\ES\ES-Curso-2Sem-2022-Grupo-25\jfreechart\src\main\java\org\jfree\chart\event\PlotChangeEvent.java
D:\ES\ES-Curso-2Sem-2022-Grupo-25\jfreechart\src\main\java\org\jfree\chart\plot\PlotOrientation.java
D:\ES\ES-Curso-2Sem-2022-Grupo-25\jfreechart\src\main\java\org\jfree\chart\renderer\category\StackedBarRenderer.java
D:\ES\ES-Curso-2Sem-2022-Grupo-25\jfreechart\src\main\java\org\jfree\data\general\DatasetChangeEvent.java
D:\ES\ES-Curso-2Sem-2022-Grupo-25\jfreechart\src\main\java\org\jfree\data\time\ohlc\OHLCSeriesCollection.java
D:\ES\ES-Curso-2Sem-2022-Grupo-25\jfreechart\src\main\java\org\jfree\data\Values.java
D:\ES\ES-Curso-2Sem-2022-Grupo-25\jfreechart\src\main\java\org\jfree\data\xml\CategoryDatasetHandler.java
D:\ES\ES-Curso-2Sem-2022-Grupo-25\jfreechart\src\main\java\org\jfree\chart\util\StandardGradientPaintTransformer.java
D:\ES\ES-Curso-2Sem-2022-Grupo-25\jfreechart\src\main\java\org\jfree\chart\axis\PeriodAxis.java
D:\ES\ES-Curso-2Sem-2022-Grupo-25\jfreechart\src\main\java\org\jfree\chart\event\ChartChangeListener.java
D:\ES\ES-Curso-2Sem-2022-Grupo-25\jfreechart\src\main\java\org\jfree\chart\renderer\xy\XYItemRenderer.java
D:\ES\ES-Curso-2Sem-2022-Grupo-25\jfreechart\src\main\java\org\jfree\chart\ChartRenderingInfo.java
D:\ES\ES-Curso-2Sem-2022-Grupo-25\jfreechart\src\main\java\org\jfree\chart\plot\dial\DialCap.java
D:\ES\ES-Curso-2Sem-2022-Grupo-25\jfreechart\src\main\java\org\jfree\chart\plot\DefaultDrawingSupplier.java
D:\ES\ES-Curso-2Sem-2022-Grupo-25\jfreechart\src\main\java\org\jfree\chart\axis\AxisSpace.java
D:\ES\ES-Curso-2Sem-2022-Grupo-25\jfreechart\src\main\java\org\jfree\chart\plot\compass\LineNeedle.java
D:\ES\ES-Curso-2Sem-2022-Grupo-25\jfreechart\src\main\java\org\jfree\chart\swing\ChartMouseEvent.java
D:\ES\ES-Curso-2Sem-2022-Grupo-25\jfreechart\src\main\java\org\jfree\data\xml\KeyHandler.java
D:\ES\ES-Curso-2Sem-2022-Grupo-25\jfreechart\src\main\java\org\jfree\data\xy\DefaultIntervalXYDataset.java
D:\ES\ES-Curso-2Sem-2022-Grupo-25\jfreechart\src\main\java\org\jfree\data\time\ohlc\OHLCItem.java
D:\ES\ES-Curso-2Sem-2022-Grupo-25\jfreechart\src\main\java\org\jfree\chart\block\ColorBlock.java
D:\ES\ES-Curso-2Sem-2022-Grupo-25\jfreechart\src\main\java\org\jfree\chart\event\ChartChangeEvent.java
D:\ES\ES-Curso-2Sem-2022-Grupo-25\jfreechart\src\main\java\org\jfree\chart\renderer\xy\AbstractXYItemRenderer.java
D:\ES\ES-Curso-2Sem-2022-Grupo-25\jfreechart\src\main\java\org\jfree\chart\axis\Tick.java
D:\ES\ES-Curso-2Sem-2022-Grupo-25\jfreechart\src\main\java\org\jfree\chart\plot\compass\ArrowNeedle.java
D:\ES\ES-Curso-2Sem-2022-Grupo-25\jfreechart\src\main\java\org\jfree\chart\plot\flow\package-info.java
D:\ES\ES-Curso-2Sem-2022-Grupo-25\jfreechart\src\main\java\org\jfree\chart\axis\AxisCollection.java
D:\ES\ES-Curso-2Sem-2022-Grupo-25\jfreechart\src\main\java\org\jfree\data\statistics\DefaultStatisticalCategoryDataset.java
D:\ES\ES-Curso-2Sem-2022-Grupo-25\jfreechart\src\main\java\org\jfree\chart\renderer\xy\DeviationStepRenderer.java
D:\ES\ES-Curso-2Sem-2022-Grupo-25\jfreechart\src\main\java\org\jfree\chart\ChartTransferable.java
D:\ES\ES-Curso-2Sem-2022-Grupo-25\jfreechart\src\main\java\org\jfree\chart\axis\DateTickMarkPosition.java
D:\ES\ES-Curso-2Sem-2022-Grupo-25\jfreechart\src\main\java\org\jfree\chart\plot\RingPlot.java
D:\ES\ES-Curso-2Sem-2022-Grupo-25\jfreechart\src\main\java\org\jfree\chart\plot\compass\MeterNeedle.java
D:\ES\ES-Curso-2Sem-2022-Grupo-25\jfreechart\src\main\java\org\jfree\data\KeyedValue.java
D:\ES\ES-Curso-2Sem-2022-Grupo-25\jfreechart\src\main\java\org\jfree\chart\labels\package-info.java
D:\ES\ES-Curso-2Sem-2022-Grupo-25\jfreechart\src\main\java\org\jfree\chart\annotations\Annotation.java
D:\ES\ES-Curso-2Sem-2022-Grupo-25\jfreechart\src\main\java\org\jfree\data\general\Dataset.java
D:\ES\ES-Curso-2Sem-2022-Grupo-25\jfreechart\src\main\java\org\jfree\data\resources\DataPackageResources_pl.java
D:\ES\ES-Curso-2Sem-2022-Grupo-25\jfreechart\src\main\java\org\jfree\chart\plot\ValueAxisPlot.java
D:\ES\ES-Curso-2Sem-2022-Grupo-25\jfreechart\src\main\java\org\jfree\data\gantt\Task.java
D:\ES\ES-Curso-2Sem-2022-Grupo-25\jfreechart\src\main\java\org\jfree\chart\plot\dial\DialLayer.java
D:\ES\ES-Curso-2Sem-2022-Grupo-25\jfreechart\src\main\java\org\jfree\data\statistics\StatisticalCategoryDataset.java
D:\ES\ES-Curso-2Sem-2022-Grupo-25\jfreechart\src\main\java\org\jfree\chart\labels\StandardCategorySeriesLabelGenerator.java
D:\ES\ES-Curso-2Sem-2022-Grupo-25\jfreechart\src\main\java\org\jfree\chart\axis\NumberTickUnit.java
D:\ES\ES-Curso-2Sem-2022-Grupo-25\jfreechart\src\main\java\org\jfree\data\general\SeriesChangeListener.java
D:\ES\ES-Curso-2Sem-2022-Grupo-25\jfreechart\src\main\java\org\jfree\data\general\KeyedValueDataset.java
D:\ES\ES-Curso-2Sem-2022-Grupo-25\jfreechart\src\main\java\org\jfree\chart\renderer\xy\XYBarRenderer.java
D:\ES\ES-Curso-2Sem-2022-Grupo-25\jfreechart\src\main\java\org\jfree\chart\plot\ThermometerPlot.java
D:\ES\ES-Curso-2Sem-2022-Grupo-25\jfreechart\src\main\java\org\jfree\chart\renderer\category\StandardBarPainter.java
D:\ES\ES-Curso-2Sem-2022-Grupo-25\jfreechart\src\main\java\org\jfree\chart\axis\CategoryAnchor.java
D:\ES\ES-Curso-2Sem-2022-Grupo-25\jfreechart\src\main\java\org\jfree\chart\api\SortOrder.java
D:\ES\ES-Curso-2Sem-2022-Grupo-25\jfreechart\src\main\java\org\jfree\chart\labels\PieSectionLabelGenerator.java
D:\ES\ES-Curso-2Sem-2022-Grupo-25\jfreechart\src\main\java\org\jfree\chart\block\EntityBlockParams.java
D:\ES\ES-Curso-2Sem-2022-Grupo-25\jfreechart\src\main\java\org\jfree\chart\event\AnnotationChangeListener.java
D:\ES\ES-Curso-2Sem-2022-Grupo-25\jfreechart\src\main\java\org\jfree\chart\text\TextLine.java
D:\ES\ES-Curso-2Sem-2022-Grupo-25\jfreechart\src\main\java\org\jfree\data\KeyedValueComparator.java
D:\ES\ES-Curso-2Sem-2022-Grupo-25\jfreechart\src\main\java\org\jfree\chart\axis\TickUnitSource.java
D:\ES\ES-Curso-2Sem-2022-Grupo-25\jfreechart\src\main\java\org\jfree\chart\axis\CompassFormat.java
D:\ES\ES-Curso-2Sem-2022-Grupo-25\jfreechart\src\main\java\org\jfree\chart\entity\PlotEntity.java
D:\ES\ES-Curso-2Sem-2022-Grupo-25\jfreechart\src\main\java\org\jfree\chart\legend\LegendItemBlockContainer.java
D:\ES\ES-Curso-2Sem-2022-Grupo-25\jfreechart\src\main\java\org\jfree\chart\plot\ValueMarker.java
D:\ES\ES-Curso-2Sem-2022-Grupo-25\jfreechart\src\main\java\org\jfree\data\general\DefaultHeatMapDataset.java
D:\ES\ES-Curso-2Sem-2022-Grupo-25\jfreechart\src\main\java\org\jfree\data\statistics\MultiValueCategoryDataset.java
D:\ES\ES-Curso-2Sem-2022-Grupo-25\jfreechart\src\main\java\org\jfree\chart\swing\editor\package-info.java
D:\ES\ES-Curso-2Sem-2022-Grupo-25\jfreechart\src\main\java\org\jfree\chart\util\PaintAlpha.java
D:\ES\ES-Curso-2Sem-2022-Grupo-25\jfreechart\src\main\java\org\jfree\chart\plot\pie\AbstractPieLabelDistributor.java
D:\ES\ES-Curso-2Sem-2022-Grupo-25\jfreechart\src\main\java\org\jfree\chart\entity\XYAnnotationEntity.java
D:\ES\ES-Curso-2Sem-2022-Grupo-25\jfreechart\src\main\java\org\jfree\chart\renderer\category\GroupedStackedBarRenderer.java
D:\ES\ES-Curso-2Sem-2022-Grupo-25\jfreechart\src\main\java\org\jfree\data\statistics\HistogramBin.java
D:\ES\ES-Curso-2Sem-2022-Grupo-25\jfreechart\src\main\java\org\jfree\data\xml\CategorySeriesHandler.java
D:\ES\ES-Curso-2Sem-2022-Grupo-25\jfreechart\src\main\java\org\jfree\data\general\AbstractDataset.java
D:\ES\ES-Curso-2Sem-2022-Grupo-25\jfreechart\src\main\java\org\jfree\data\time\TimeSeriesDataItem.java
D:\ES\ES-Curso-2Sem-2022-Grupo-25\jfreechart\src\main\java\org\jfree\chart\labels\FlowLabelGenerator.java
D:\ES\ES-Curso-2Sem-2022-Grupo-25\jfreechart\src\main\java\org\jfree\chart\title\TextTitle.java
D:\ES\ES-Curso-2Sem-2022-Grupo-25\jfreechart\src\main\java\org\jfree\chart\event\MarkerChangeListener.java
D:\ES\ES-Curso-2Sem-2022-Grupo-25\jfreechart\src\main\java\org\jfree\chart\internal\Args.java
D:\ES\ES-Curso-2Sem-2022-Grupo-25\jfreechart\src\main\java\org\jfree\chart\labels\StandardFlowLabelGenerator.java
D:\ES\ES-Curso-2Sem-2022-Grupo-25\jfreechart\src\main\java\org\jfree\data\xy\OHLCDataItem.java
D:\ES\ES-Curso-2Sem-2022-Grupo-25\jfreechart\src\main\java\org\jfree\chart\plot\XYCrosshairState.java
D:\ES\ES-Curso-2Sem-2022-Grupo-25\jfreechart\src\main\java\org\jfree\data\general\WaferMapDataset.java
D:\ES\ES-Curso-2Sem-2022-Grupo-25\jfreechart\src\main\java\org\jfree\chart\JFreeChart.java
D:\ES\ES-Curso-2Sem-2022-Grupo-25\jfreechart\src\main\java\org\jfree\chart\plot\Pannable.java
D:\ES\ES-Curso-2Sem-2022-Grupo-25\jfreechart\src\main\java\org\jfree\data\xy\AbstractIntervalXYDataset.java
D:\ES\ES-Curso-2Sem-2022-Grupo-25\jfreechart\src\main\java\org\jfree\chart\block\BlockContainer.java
D:\ES\ES-Curso-2Sem-2022-Grupo-25\jfreechart\src\main\java\org\jfree\chart\entity\EntityCollection.java
D:\ES\ES-Curso-2Sem-2022-Grupo-25\jfreechart\src\main\java\org\jfree\chart\labels\XYToolTipGenerator.java
D:\ES\ES-Curso-2Sem-2022-Grupo-25\jfreechart\src\main\java\org\jfree\chart\api\RectangleEdge.java
D:\ES\ES-Curso-2Sem-2022-Grupo-25\jfreechart\src\main\java\org\jfree\data\Value.java
D:\ES\ES-Curso-2Sem-2022-Grupo-25\jfreechart\src\main\java\org\jfree\chart\event\RendererChangeListener.java
D:\ES\ES-Curso-2Sem-2022-Grupo-25\jfreechart\src\main\java\org\jfree\chart\ChartHints.java
D:\ES\ES-Curso-2Sem-2022-Grupo-25\jfreechart\src\main\java\org\jfree\chart\plot\compass\LongNeedle.java
D:\ES\ES-Curso-2Sem-2022-Grupo-25\jfreechart\src\main\java\org\jfree\chart\renderer\category\AbstractCategoryItemRenderer.java
D:\ES\ES-Curso-2Sem-2022-Grupo-25\jfreechart\src\main\java\org\jfree\data\statistics\Statistics.java
D:\ES\ES-Curso-2Sem-2022-Grupo-25\jfreechart\src\main\java\org\jfree\chart\imagemap\ToolTipTagFragmentGenerator.java
D:\ES\ES-Curso-2Sem-2022-Grupo-25\jfreechart\src\main\java\org\jfree\chart\swing\CrosshairOverlay.java
D:\ES\ES-Curso-2Sem-2022-Grupo-25\jfreechart\src\main\java\org\jfree\data\xy\IntervalXYZDataset.java
D:\ES\ES-Curso-2Sem-2022-Grupo-25\jfreechart\src\main\java\org\jfree\chart\labels\StandardXYItemLabelGenerator.java
D:\ES\ES-Curso-2Sem-2022-Grupo-25\jfreechart\src\main\java\org\jfree\chart\urls\StandardPieURLGenerator.java
D:\ES\ES-Curso-2Sem-2022-Grupo-25\jfreechart\src\main\java\org\jfree\chart\labels\CrosshairLabelGenerator.java
D:\ES\ES-Curso-2Sem-2022-Grupo-25\jfreechart\src\main\java\org\jfree\data\xml\RootHandler.java
D:\ES\ES-Curso-2Sem-2022-Grupo-25\jfreechart\src\main\java\org\jfree\chart\ChartElementVisitor.java
D:\ES\ES-Curso-2Sem-2022-Grupo-25\jfreechart\src\main\java\org\jfree\chart\swing\OverlayChangeListener.java
D:\ES\ES-Curso-2Sem-2022-Grupo-25\jfreechart\src\main\java\org\jfree\data\time\Second.java
D:\ES\ES-Curso-2Sem-2022-Grupo-25\jfreechart\src\main\java\org\jfree\chart\api\Layer.java
D:\ES\ES-Curso-2Sem-2022-Grupo-25\jfreechart\src\main\java\org\jfree\data\statistics\Regression.java
D:\ES\ES-Curso-2Sem-2022-Grupo-25\jfreechart\src\main\java\org\jfree\chart\axis\NumberTick.java
D:\ES\ES-Curso-2Sem-2022-Grupo-25\jfreechart\src\main\java\org\jfree\data\xy\XYIntervalDataItem.java
D:\ES\ES-Curso-2Sem-2022-Grupo-25\jfreechart\src\main\java\org\jfree\data\Values2D.java
D:\ES\ES-Curso-2Sem-2022-Grupo-25\jfreechart\src\main\java\org\jfree\chart\block\GridArrangement.java
D:\ES\ES-Curso-2Sem-2022-Grupo-25\jfreechart\src\main\java\org\jfree\data\category\CategoryToPieDataset.java
D:\ES\ES-Curso-2Sem-2022-Grupo-25\jfreechart\src\main\java\org\jfree\chart\plot\MeterInterval.java
D:\ES\ES-Curso-2Sem-2022-Grupo-25\jfreechart\src\main\java\org\jfree\chart\plot\pie\PiePlotState.java
D:\ES\ES-Curso-2Sem-2022-Grupo-25\jfreechart\src\main\java\org\jfree\chart\labels\XYZToolTipGenerator.java
D:\ES\ES-Curso-2Sem-2022-Grupo-25\jfreechart\src\main\java\org\jfree\chart\legend\LegendTitle.java
D:\ES\ES-Curso-2Sem-2022-Grupo-25\jfreechart\src\main\java\org\jfree\chart\renderer\xy\XYShapeRenderer.java
D:\ES\ES-Curso-2Sem-2022-Grupo-25\jfreechart\src\main\java\org\jfree\data\xy\YIntervalDataItem.java
D:\ES\ES-Curso-2Sem-2022-Grupo-25\jfreechart\src\main\java\org\jfree\chart\imagemap\StandardToolTipTagFragmentGenerator.java
D:\ES\ES-Curso-2Sem-2022-Grupo-25\jfreechart\src\main\java\org\jfree\chart\swing\editor\DefaultTitleEditor.java
D:\ES\ES-Curso-2Sem-2022-Grupo-25\jfreechart\src\main\java\org\jfree\data\RangeInfo.java
D:\ES\ES-Curso-2Sem-2022-Grupo-25\jfreechart\src\main\java\org\jfree\data\xy\XYDatasetTableModel.java
D:\ES\ES-Curso-2Sem-2022-Grupo-25\jfreechart\src\main\java\org\jfree\data\DefaultKeyedValues2D.java
D:\ES\ES-Curso-2Sem-2022-Grupo-25\jfreechart\src\main\java\org\jfree\data\resources\DataPackageResources.java
D:\ES\ES-Curso-2Sem-2022-Grupo-25\jfreechart\src\main\java\org\jfree\chart\plot\PlotRenderingInfo.java
D:\ES\ES-Curso-2Sem-2022-Grupo-25\jfreechart\src\main\java\org\jfree\chart\date\SerialDate.java
D:\ES\ES-Curso-2Sem-2022-Grupo-25\jfreechart\src\main\java\org\jfree\chart\event\RendererChangeEvent.java
D:\ES\ES-Curso-2Sem-2022-Grupo-25\jfreechart\src\main\java\org\jfree\data\ComparableObjectItem.java
D:\ES\ES-Curso-2Sem-2022-Grupo-25\jfreechart\src\main\java\org\jfree\chart\labels\StandardXYZToolTipGenerator.java
D:\ES\ES-Curso-2Sem-2022-Grupo-25\jfreechart\src\main\java\org\jfree\data\function\PolynomialFunction2D.java
D:\ES\ES-Curso-2Sem-2022-Grupo-25\jfreechart\src\main\java\org\jfree\chart\internal\SerialUtils.java
D:\ES\ES-Curso-2Sem-2022-Grupo-25\jfreechart\src\main\java\org\jfree\chart\renderer\xy\XYStepRenderer.java
D:\ES\ES-Curso-2Sem-2022-Grupo-25\jfreechart\src\main\java\org\jfree\chart\event\AxisChangeListener.java
D:\ES\ES-Curso-2Sem-2022-Grupo-25\jfreechart\src\main\java\org\jfree\data\DefaultKeyedValue.java
D:\ES\ES-Curso-2Sem-2022-Grupo-25\jfreechart\src\main\java\org\jfree\chart\text\format\HexNumberFormat.java
D:\ES\ES-Curso-2Sem-2022-Grupo-25\jfreechart\src\main\java\org\jfree\data\KeyToGroupMap.java
D:\ES\ES-Curso-2Sem-2022-Grupo-25\jfreechart\src\main\java\org\jfree\data\statistics\DefaultBoxAndWhiskerXYDataset.java
D:\ES\ES-Curso-2Sem-2022-Grupo-25\jfreechart\src\main\java\org\jfree\chart\plot\PlotState.java
D:\ES\ES-Curso-2Sem-2022-Grupo-25\jfreechart\src\main\java\org\jfree\data\time\TimeSeriesTableModel.java
D:\ES\ES-Curso-2Sem-2022-Grupo-25\jfreechart\src\main\java\org\jfree\chart\annotations\XYTitleAnnotation.java
D:\ES\ES-Curso-2Sem-2022-Grupo-25\jfreechart\src\main\java\org\jfree\chart\entity\XYItemEntity.java
D:\ES\ES-Curso-2Sem-2022-Grupo-25\jfreechart\src\main\java\org\jfree\chart\text\TextBox.java
D:\ES\ES-Curso-2Sem-2022-Grupo-25\jfreechart\src\main\java\org\jfree\data\xy\XIntervalDataItem.java
D:\ES\ES-Curso-2Sem-2022-Grupo-25\jfreechart\src\main\java\org\jfree\data\statistics\BoxAndWhiskerXYDataset.java
D:\ES\ES-Curso-2Sem-2022-Grupo-25\jfreechart\src\main\java\org\jfree\chart\labels\CategoryToolTipGenerator.java
D:\ES\ES-Curso-2Sem-2022-Grupo-25\jfreechart\src\main\java\org\jfree\chart\plot\dial\DialLayerChangeEvent.java
D:\ES\ES-Curso-2Sem-2022-Grupo-25\jfreechart\src\main\java\org\jfree\data\time\RegularTimePeriod.java
D:\ES\ES-Curso-2Sem-2022-Grupo-25\jfreechart\src\main\java\org\jfree\data\time\TimePeriodValues.java
D:\ES\ES-Curso-2Sem-2022-Grupo-25\jfreechart\src\main\java\org\jfree\data\flow\DefaultFlowDataset.java
D:\ES\ES-Curso-2Sem-2022-Grupo-25\jfreechart\src\main\java\org\jfree\chart\renderer\xy\XYBlockRenderer.java
D:\ES\ES-Curso-2Sem-2022-Grupo-25\jfreechart\src\main\java\org\jfree\data\xy\XYItemKey.java
D:\ES\ES-Curso-2Sem-2022-Grupo-25\jfreechart\src\main\java\org\jfree\chart\renderer\xy\XYSplineRenderer.java
D:\ES\ES-Curso-2Sem-2022-Grupo-25\jfreechart\src\main\java\org\jfree\chart\renderer\xy\XYStepAreaRenderer.java
D:\ES\ES-Curso-2Sem-2022-Grupo-25\jfreechart\src\main\java\org\jfree\chart\text\format\package-info.java
D:\ES\ES-Curso-2Sem-2022-Grupo-25\jfreechart\src\main\java\org\jfree\chart\swing\SelectionZoomStrategy.java
D:\ES\ES-Curso-2Sem-2022-Grupo-25\jfreechart\src\main\java\org\jfree\chart\plot\Plot.java
D:\ES\ES-Curso-2Sem-2022-Grupo-25\jfreechart\src\main\java\org\jfree\chart\event\MarkerChangeEvent.java
D:\ES\ES-Curso-2Sem-2022-Grupo-25\jfreechart\src\main\java\org\jfree\data\xy\Vector.java
D:\ES\ES-Curso-2Sem-2022-Grupo-25\jfreechart\src\main\java\org\jfree\chart\axis\AxisLocation.java
D:\ES\ES-Curso-2Sem-2022-Grupo-25\jfreechart\src\main\java\org\jfree\chart\swing\editor\DefaultPlotEditor.java
D:\ES\ES-Curso-2Sem-2022-Grupo-25\jfreechart\src\main\java\org\jfree\chart\block\FlowArrangement.java
D:\ES\ES-Curso-2Sem-2022-Grupo-25\jfreechart\src\main\java\org\jfree\chart\renderer\xy\StackedXYBarRenderer.java
D:\ES\ES-Curso-2Sem-2022-Grupo-25\jfreechart\src\main\java\org\jfree\chart\plot\dial\DialValueIndicator.java
D:\ES\ES-Curso-2Sem-2022-Grupo-25\jfreechart\src\main\java\org\jfree\chart\renderer\category\LevelRenderer.java
D:\ES\ES-Curso-2Sem-2022-Grupo-25\jfreechart\src\main\java\org\jfree\chart\internal\HashUtils.java
D:\ES\ES-Curso-2Sem-2022-Grupo-25\jfreechart\src\main\java\org\jfree\chart\encoders\ImageFormat.java
D:\ES\ES-Curso-2Sem-2022-Grupo-25\jfreechart\src\main\java\org\jfree\data\KeyedValuesItemKey.java
D:\ES\ES-Curso-2Sem-2022-Grupo-25\jfreechart\src\main\java\org\jfree\chart\renderer\category\BoxAndWhiskerRenderer.java
D:\ES\ES-Curso-2Sem-2022-Grupo-25\jfreechart\src\main\java\org\jfree\chart\plot\dial\StandardDialRange.java
D:\ES\ES-Curso-2Sem-2022-Grupo-25\jfreechart\src\main\java\org\jfree\chart\labels\StandardCrosshairLabelGenerator.java
D:\ES\ES-Curso-2Sem-2022-Grupo-25\jfreechart\src\main\java\org\jfree\chart\labels\ItemLabelAnchor.java
D:\ES\ES-Curso-2Sem-2022-Grupo-25\jfreechart\src\main\java\org\jfree\chart\annotations\XYBoxAnnotation.java
D:\ES\ES-Curso-2Sem-2022-Grupo-25\jfreechart\src\main\java\org\jfree\chart\ChartColor.java
D:\ES\ES-Curso-2Sem-2022-Grupo-25\jfreechart\src\main\java\org\jfree\chart\event\AnnotationChangeEvent.java
D:\ES\ES-Curso-2Sem-2022-Grupo-25\jfreechart\src\main\java\org\jfree\chart\renderer\PolarItemRenderer.java
D:\ES\ES-Curso-2Sem-2022-Grupo-25\jfreechart\src\main\java\org\jfree\chart\legend\LegendRenderingOrder.java
D:\ES\ES-Curso-2Sem-2022-Grupo-25\jfreechart\src\main\java\org\jfree\data\xml\DatasetTags.java
D:\ES\ES-Curso-2Sem-2022-Grupo-25\jfreechart\src\main\java\org\jfree\chart\plot\CategoryPlot.java
D:\ES\ES-Curso-2Sem-2022-Grupo-25\jfreechart\src\main\java\org\jfree\data\xy\WindDataset.java
D:\ES\ES-Curso-2Sem-2022-Grupo-25\jfreechart\src\main\java\org\jfree\data\xy\XYBarDataset.java
D:\ES\ES-Curso-2Sem-2022-Grupo-25\jfreechart\src\main\java\org\jfree\chart\labels\XYSeriesLabelGenerator.java
D:\ES\ES-Curso-2Sem-2022-Grupo-25\jfreechart\src\main\java\org\jfree\data\xy\AbstractXYDataset.java
D:\ES\ES-Curso-2Sem-2022-Grupo-25\jfreechart\src\main\java\org\jfree\data\xy\VectorSeriesCollection.java
D:\ES\ES-Curso-2Sem-2022-Grupo-25\jfreechart\src\main\java\org\jfree\chart\renderer\category\CategoryItemRendererState.java
D:\ES\ES-Curso-2Sem-2022-Grupo-25\jfreechart\src\main\java\org\jfree\data\RangeType.java
D:\ES\ES-Curso-2Sem-2022-Grupo-25\jfreechart\src\main\java\org\jfree\chart\axis\TickUnit.java
D:\ES\ES-Curso-2Sem-2022-Grupo-25\jfreechart\src\main\java\org\jfree\data\flow\FlowKey.java
D:\ES\ES-Curso-2Sem-2022-Grupo-25\jfreechart\src\main\java\org\jfree\chart\labels\AbstractPieItemLabelGenerator.java
D:\ES\ES-Curso-2Sem-2022-Grupo-25\jfreechart\src\main\java\org\jfree\data\flow\package-info.java
D:\ES\ES-Curso-2Sem-2022-Grupo-25\jfreechart\src\main\java\org\jfree\chart\axis\AxisState.java
D:\ES\ES-Curso-2Sem-2022-Grupo-25\jfreechart\src\main\java\org\jfree\chart\renderer\category\LayeredBarRenderer.java
D:\ES\ES-Curso-2Sem-2022-Grupo-25\jfreechart\src\main\java\org\jfree\chart\axis\TickUnits.java
D:\ES\ES-Curso-2Sem-2022-Grupo-25\jfreechart\src\main\java\org\jfree\data\time\Quarter.java
D:\ES\ES-Curso-2Sem-2022-Grupo-25\jfreechart\src\main\java\org\jfree\chart\block\LengthConstraintType.java
D:\ES\ES-Curso-2Sem-2022-Grupo-25\jfreechart\src\main\java\org\jfree\chart\encoders\EncoderUtil.java
D:\ES\ES-Curso-2Sem-2022-Grupo-25\jfreechart\src\main\java\org\jfree\chart\legend\package-info.java
D:\ES\ES-Curso-2Sem-2022-Grupo-25\jfreechart\src\main\java\org\jfree\chart\axis\Timeline.java
D:\ES\ES-Curso-2Sem-2022-Grupo-25\jfreechart\src\main\java\org\jfree\chart\annotations\XYDataImageAnnotation.java
D:\ES\ES-Curso-2Sem-2022-Grupo-25\jfreechart\src\main\java\org\jfree\chart\encoders\package-info.java
D:\ES\ES-Curso-2Sem-2022-Grupo-25\jfreechart\src\main\java\org\jfree\data\flow\NodeKey.java
D:\ES\ES-Curso-2Sem-2022-Grupo-25\jfreechart\src\main\java\org\jfree\data\KeyedValueComparatorType.java
D:\ES\ES-Curso-2Sem-2022-Grupo-25\jfreechart\src\main\java\org\jfree\chart\renderer\xy\XYLineAndShapeRenderer.java
D:\ES\ES-Curso-2Sem-2022-Grupo-25\jfreechart\src\main\java\org\jfree\chart\annotations\AbstractXYAnnotation.java
D:\ES\ES-Curso-2Sem-2022-Grupo-25\jfreechart\src\main\java\org\jfree\data\KeyedObjects2D.java
D:\ES\ES-Curso-2Sem-2022-Grupo-25\jfreechart\src\main\java\org\jfree\chart\swing\editor\PaintSample.java
D:\ES\ES-Curso-2Sem-2022-Grupo-25\jfreechart\src\main\java\org\jfree\chart\urls\StandardCategoryURLGenerator.java
D:\ES\ES-Curso-2Sem-2022-Grupo-25\jfreechart\src\main\java\org\jfree\chart\swing\editor\ChartEditor.java
D:\ES\ES-Curso-2Sem-2022-Grupo-25\jfreechart\src\main\java\org\jfree\chart\labels\IntervalXYItemLabelGenerator.java
D:\ES\ES-Curso-2Sem-2022-Grupo-25\jfreechart\src\main\java\org\jfree\chart\plot\dial\DialBackground.java
D:\ES\ES-Curso-2Sem-2022-Grupo-25\jfreechart\src\main\java\org\jfree\chart\renderer\xy\XYBoxAndWhiskerRenderer.java
D:\ES\ES-Curso-2Sem-2022-Grupo-25\jfreechart\src\main\java\org\jfree\chart\plot\Crosshair.java
D:\ES\ES-Curso-2Sem-2022-Grupo-25\jfreechart\src\main\java\org\jfree\chart\labels\XYItemLabelGenerator.java
D:\ES\ES-Curso-2Sem-2022-Grupo-25\jfreechart\src\main\java\org\jfree\chart\axis\package-info.java
D:\ES\ES-Curso-2Sem-2022-Grupo-25\jfreechart\src\main\java\org\jfree\chart\plot\PolarAxisLocation.java
D:\ES\ES-Curso-2Sem-2022-Grupo-25\jfreechart\src\main\java\org\jfree\chart\urls\CategoryURLGenerator.java
D:\ES\ES-Curso-2Sem-2022-Grupo-25\jfreechart\src\main\java\org\jfree\data\xml\ValueHandler.java
D:\ES\ES-Curso-2Sem-2022-Grupo-25\jfreechart\src\main\java\org\jfree\chart\encoders\ImageEncoderFactory.java
D:\ES\ES-Curso-2Sem-2022-Grupo-25\jfreechart\src\main\java\org\jfree\chart\plot\Marker.java
D:\ES\ES-Curso-2Sem-2022-Grupo-25\jfreechart\src\main\java\org\jfree\chart\internal\ArrayUtils.java
D:\ES\ES-Curso-2Sem-2022-Grupo-25\jfreechart\src\main\java\org\jfree\chart\labels\ItemLabelPosition.java
D:\ES\ES-Curso-2Sem-2022-Grupo-25\jfreechart\src\main\java\org\jfree\data\flow\FlowDatasetUtils.java
